 canvas

 Timestamp is 5e37f3e3 (Mon Feb  3 17:20:19 2020)

 Preferred load address is 0000000180000000

 Start         Length     Name                   Class
 0001:00000000 000000c0H .text$di                CODE
 0001:000000c0 0002bd60H .text$mn                CODE
 0001:0002be20 000001e0H .text$mn$00             CODE
 0001:0002c000 00000870H .text$x                 CODE
 0001:0002c870 000000b1H .text$yd                CODE
 0002:00000000 00000648H .idata$5                DATA
 0002:00000648 00000010H .00cfg                  DATA
 0002:00000658 00000008H .CRT$XCA                DATA
 0002:00000660 00000038H .CRT$XCU                DATA
 0002:00000698 00000008H .CRT$XCZ                DATA
 0002:000006a0 00000008H .CRT$XIA                DATA
 0002:000006a8 00000018H .CRT$XIC                DATA
 0002:000006c0 00000008H .CRT$XIZ                DATA
 0002:000006c8 00000008H .CRT$XPA                DATA
 0002:000006d0 00000010H .CRT$XPX                DATA
 0002:000006e0 00000008H .CRT$XPXA               DATA
 0002:000006e8 00000008H .CRT$XPZ                DATA
 0002:000006f0 00000008H .CRT$XTA                DATA
 0002:000006f8 00000008H .CRT$XTZ                DATA
 0002:00000700 00000000H .gfids$y                DATA
 0002:00000700 0000b6e0H .rdata                  DATA
 0002:0000bde0 0000037cH .rdata$r                DATA
 0002:0000c15c 000003d4H .rdata$zzzdbg           DATA
 0002:0000c530 00000008H .rtc$IAA                DATA
 0002:0000c538 00000008H .rtc$IZZ                DATA
 0002:0000c540 00000008H .rtc$TAA                DATA
 0002:0000c548 00000008H .rtc$TZZ                DATA
 0002:0000c550 00002c88H .xdata                  DATA
 0002:0000f1d8 000001dcH .xdata$x                DATA
 0002:0000f3b4 00000020H .didat$2                DATA
 0002:0000f3d4 00000024H .didat$3                DATA
 0002:0000f3f8 00000300H .didat$4                DATA
 0002:0000f6f8 00001870H .didat$6                DATA
 0002:00010f68 00000308H .didat$7                DATA
 0002:00011270 00000050H .edata                  DATA
 0002:000112c0 0000003cH .idata$2                DATA
 0002:000112fc 00000014H .idata$3                DATA
 0002:00011310 00000648H .idata$4                DATA
 0002:00011958 000010e4H .idata$6                DATA
 0003:00000000 00000a70H .data                   DATA
 0003:00000a70 00000118H .data$r                 DATA
 0003:00000b88 00000308H .didat$5                DATA
 0003:00000e90 00001264H .bss                    DATA
 0004:00000000 00002460H .pdata                  DATA
 0005:00000000 00000060H .rsrc$01                DATA
 0005:00000060 00000180H .rsrc$02                DATA

  Address         Publics by Value              Rva+Base               Lib:Object

 0000:00000000       __hybrid_code_map_count    0000000000000000     <absolute>
 0000:00000000       __hybrid_code_map          0000000000000000     <absolute>
 0000:00000000       __guard_longjmp_table      0000000000000000     <absolute>
 0000:00000000       __guard_fids_count         0000000000000000     <absolute>
 0000:00000000       __guard_iat_count          0000000000000000     <absolute>
 0000:00000000       __volatile_metadata        0000000000000000     <absolute>
 0000:00000000       __guard_iat_table          0000000000000000     <absolute>
 0000:00000000       __guard_longjmp_count      0000000000000000     <absolute>
 0000:00000000       __enclave_config           0000000000000000     <absolute>
 0000:00000000       ___safe_se_handler_count   0000000000000000     <absolute>
 0000:00000000       ___safe_se_handler_table   0000000000000000     <absolute>
 0000:00000000       __guard_fids_table         0000000000000000     <absolute>
 0000:00000000       __hybrid_auxiliary_iat     0000000000000000     <absolute>
 0000:00000000       __dynamic_value_reloc_table 0000000000000000     <absolute>
 0000:00000100       __guard_flags              0000000000000100     <absolute>
 0000:00000000       __ImageBase                0000000180000000     <linker-defined>
 0001:00000390       ?New@?$Factory@VFunctionTemplate@v8@@@imp@Nan@@SA?AV?$Local@VFunctionTemplate@v8@@@v8@@P6AXAEBV?$FunctionCallbackInfo@VValue@v8@@@3@@ZV?$Local@VValue@v8@@@5@V?$Local@VSignature@v8@@@5@@Z 0000000180001390 f i Canvas.obj
 0001:00000560       ??1AsyncResource@Nan@@QEAA@XZ 0000000180001560 f i Canvas.obj
 0001:000005a0       ?AdjustExternalMemory@Nan@@YAHH@Z 00000001800015a0 f i Canvas.obj
 0001:00000620       ??1HandleScope@Nan@@QEAA@XZ 0000000180001620 f i Canvas.obj
 0001:00000620       ??1EscapableHandleScope@Nan@@QEAA@XZ 0000000180001620 f i Canvas.obj
 0001:00000630       ?ThrowRangeError@Nan@@YAXPEBD@Z 0000000180001630 f i Canvas.obj
 0001:000006d0       ?ThrowTypeError@Nan@@YAXPEBD@Z 00000001800016d0 f i Canvas.obj
 0001:00000770       ?MakeCallback@Nan@@YA?AV?$Local@VValue@v8@@@v8@@V?$Local@VObject@v8@@@3@V?$Local@VFunction@v8@@@3@HPEAV23@@Z 0000000180001770 f i Canvas.obj
 0001:000008e0       ?Call@Callback@Nan@@QEBA?AV?$Local@VValue@v8@@@v8@@HQEAV34@@Z 00000001800018e0 f i Canvas.obj
 0001:00000ae0       ??_GCallback@Nan@@QEAAPEAXI@Z 0000000180001ae0 f i Canvas.obj
 0001:00000b20       ?SetPrototypeMethod@Nan@@YAXV?$Local@VFunctionTemplate@v8@@@v8@@PEBDP6AXAEBV?$FunctionCallbackInfo@VValue@v8@@@1@@Z@Z 0000000180001b20 f i Canvas.obj
 0001:00000c10       ?SetAccessor@Nan@@YAXV?$Local@VObjectTemplate@v8@@@v8@@V?$Local@VString@v8@@@3@P6AX1AEBV?$PropertyCallbackInfo@VValue@v8@@@1@@ZP6AX1V?$Local@VValue@v8@@@3@AEBV?$PropertyCallbackInfo@X@1@@Z4W4AccessControl@3@W4PropertyAttribute@3@V?$Local@VAccessorSignature@v8@@@3@@Z 0000000180001c10 f i Canvas.obj
 0001:00000dd0       ??1ObjectWrap@Nan@@UEAA@XZ 0000000180001dd0 f i Canvas.obj
 0001:00000e20       ?Wrap@ObjectWrap@Nan@@IEAAXV?$Local@VObject@v8@@@v8@@@Z 0000000180001e20 f i Canvas.obj
 0001:00000ef0       ?Ref@ObjectWrap@Nan@@MEAAXXZ 0000000180001ef0 f i Canvas.obj
 0001:00000f30       ?Unref@ObjectWrap@Nan@@MEAAXXZ 0000000180001f30 f i Canvas.obj
 0001:00000fe0       ?WeakCallback@ObjectWrap@Nan@@CAXAEBV?$WeakCallbackInfo@VObjectWrap@Nan@@@v8@@@Z 0000000180001fe0 f i Canvas.obj
 0001:00001040       ??_GObjectWrap@Nan@@UEAAPEAXI@Z 0000000180002040 f i Canvas.obj
 0001:00001040       ??_EObjectWrap@Nan@@UEAAPEAXI@Z 0000000180002040 f i * CIL library *:* CIL module *
 0001:000010b0       ?closure_init@@YA?AW4_cairo_status@@PEAUclosure_t@@PEAVCanvas@@II@Z 00000001800020b0 f   Canvas.obj
 0001:00001120       ?closure_destroy@@YAXPEAUclosure_t@@@Z 0000000180002120 f   Canvas.obj
 0001:00001150       ?stream_pdf_free@@YAXPEADPEAX@Z 0000000180002150 f   Canvas.obj
 0001:00001150       _guard_check_icall_nop     0000000180002150 f   LIBCMT:guard_support.obj
 0001:00001600       ?Initialize@Canvas@@SAXV?$Local@VObject@v8@@@v8@@@Z 0000000180002600 f   Canvas.obj
 0001:00001f40       ?New@Canvas@@SAXAEBV?$FunctionCallbackInfo@VValue@v8@@@Nan@@@Z 0000000180002f40 f   Canvas.obj
 0001:000021d0       ?GetType@Canvas@@SAXV?$Local@VString@v8@@@v8@@AEBV?$PropertyCallbackInfo@VValue@v8@@@Nan@@@Z 00000001800031d0 f   Canvas.obj
 0001:00002280       ?GetStride@Canvas@@SAXV?$Local@VString@v8@@@v8@@AEBV?$PropertyCallbackInfo@VValue@v8@@@Nan@@@Z 0000000180003280 f   Canvas.obj
 0001:00002300       ?GetWidth@ImageData@@SAXV?$Local@VString@v8@@@v8@@AEBV?$PropertyCallbackInfo@VValue@v8@@@Nan@@@Z 0000000180003300 f   ImageData.obj
 0001:00002300       ?GetWidth@Canvas@@SAXV?$Local@VString@v8@@@v8@@AEBV?$PropertyCallbackInfo@VValue@v8@@@Nan@@@Z 0000000180003300 f   Canvas.obj
 0001:00002380       ?SetWidth@Canvas@@SAXV?$Local@VString@v8@@@v8@@V?$Local@VValue@v8@@@3@AEBV?$PropertyCallbackInfo@X@Nan@@@Z 0000000180003380 f   Canvas.obj
 0001:000023f0       ?GetHeight@Canvas@@SAXV?$Local@VString@v8@@@v8@@AEBV?$PropertyCallbackInfo@VValue@v8@@@Nan@@@Z 00000001800033f0 f   Canvas.obj
 0001:000023f0       ?GetHeight@ImageData@@SAXV?$Local@VString@v8@@@v8@@AEBV?$PropertyCallbackInfo@VValue@v8@@@Nan@@@Z 00000001800033f0 f   ImageData.obj
 0001:00002470       ?SetHeight@Canvas@@SAXV?$Local@VString@v8@@@v8@@V?$Local@VValue@v8@@@3@AEBV?$PropertyCallbackInfo@X@Nan@@@Z 0000000180003470 f   Canvas.obj
 0001:00002560       ?ToBufferAsync@Canvas@@SAXPEAUuv_work_s@@@Z 0000000180003560 f   Canvas.obj
 0001:000025d0       ?ToBufferAsyncAfter@Canvas@@SAXPEAUuv_work_s@@@Z 00000001800035d0 f   Canvas.obj
 0001:00002790       ?ToBuffer@Canvas@@SAXAEBV?$FunctionCallbackInfo@VValue@v8@@@Nan@@@Z 0000000180003790 f   Canvas.obj
 0001:00002f70       ??1TryCatch@Nan@@QEAA@XZ   0000000180003f70 f i Canvas.obj
 0001:000030e0       ?StreamPNGSync@Canvas@@SAXAEBV?$FunctionCallbackInfo@VValue@v8@@@Nan@@@Z 00000001800040e0 f   Canvas.obj
 0001:00003650       ?StreamPDFSync@Canvas@@SAXAEBV?$FunctionCallbackInfo@VValue@v8@@@Nan@@@Z 0000000180004650 f   Canvas.obj
 0001:00003af0       ??0Canvas@@QEAA@HHW4canvas_type_t@@@Z 0000000180004af0 f   Canvas.obj
 0001:00003cf0       ??_ECanvas@@EEAAPEAXI@Z    0000000180004cf0 f i * CIL library *:* CIL module *
 0001:00003cf0       ??_GCanvas@@EEAAPEAXI@Z    0000000180004cf0 f i Canvas.obj
 0001:00003df0       ?resurface@Canvas@@QEAAXV?$Local@VObject@v8@@@v8@@@Z 0000000180004df0 f   Canvas.obj
 0001:00004000       ??$Unwrap@VCanvas@@@ObjectWrap@Nan@@SAPEAVCanvas@@V?$Local@VObject@v8@@@v8@@@Z 0000000180005000 f i Canvas.obj
 0001:00004000       ??$Unwrap@VImage@@@ObjectWrap@Nan@@SAPEAVImage@@V?$Local@VObject@v8@@@v8@@@Z 0000000180005000 f i CanvasPattern.obj
 0001:00004000       ??$Unwrap@VImageData@@@ObjectWrap@Nan@@SAPEAVImageData@@V?$Local@VObject@v8@@@v8@@@Z 0000000180005000 f i CanvasRenderingContext2d.obj
 0001:00004000       ??$Unwrap@VContext2d@@@ObjectWrap@Nan@@SAPEAVContext2d@@V?$Local@VObject@v8@@@v8@@@Z 0000000180005000 f i Canvas.obj
 0001:00004000       ??$Unwrap@VGradient@@@ObjectWrap@Nan@@SAPEAVGradient@@V?$Local@VObject@v8@@@v8@@@Z 0000000180005000 f i CanvasGradient.obj
 0001:00004000       ??$Unwrap@VPattern@@@ObjectWrap@Nan@@SAPEAVPattern@@V?$Local@VObject@v8@@@v8@@@Z 0000000180005000 f i CanvasRenderingContext2d.obj
 0001:00004090       ?Initialize@Gradient@@SAXV?$Local@VObject@v8@@@v8@@@Z 0000000180005090 f   CanvasGradient.obj
 0001:000042e0       ?New@Gradient@@SAXAEBV?$FunctionCallbackInfo@VValue@v8@@@Nan@@@Z 00000001800052e0 f   CanvasGradient.obj
 0001:00004600       ?AddColorStop@Gradient@@SAXAEBV?$FunctionCallbackInfo@VValue@v8@@@Nan@@@Z 0000000180005600 f   CanvasGradient.obj
 0001:000047f0       ??_GGradient@@EEAAPEAXI@Z  00000001800057f0 f i CanvasGradient.obj
 0001:000047f0       ??_EGradient@@EEAAPEAXI@Z  00000001800057f0 f i * CIL library *:* CIL module *
 0001:00004880       ?ThrowError@Nan@@YAXPEBD@Z 0000000180005880 f i CanvasPattern.obj
 0001:00004920       ?Initialize@Pattern@@SAXV?$Local@VObject@v8@@@v8@@@Z 0000000180005920 f   CanvasPattern.obj
 0001:00004b10       ?New@Pattern@@SAXAEBV?$FunctionCallbackInfo@VValue@v8@@@Nan@@@Z 0000000180005b10 f   CanvasPattern.obj
 0001:00004df0       ??_GPattern@@EEAAPEAXI@Z   0000000180005df0 f i CanvasPattern.obj
 0001:00004df0       ??_EPattern@@EEAAPEAXI@Z   0000000180005df0 f i * CIL library *:* CIL module *
 0001:00004e80       ?Initialize@Context2d@@SAXV?$Local@VObject@v8@@@v8@@@Z 0000000180005e80 f   CanvasRenderingContext2d.obj
 0001:00005a30       ??_GContext2d@@EEAAPEAXI@Z 0000000180006a30 f i CanvasRenderingContext2d.obj
 0001:00005a30       ??_EContext2d@@EEAAPEAXI@Z 0000000180006a30 f i * CIL library *:* CIL module *
 0001:00005af0       ?savePath@Context2d@@QEAAXXZ 0000000180006af0 f   CanvasRenderingContext2d.obj
 0001:00005b20       ?restorePath@Context2d@@QEAAXXZ 0000000180006b20 f   CanvasRenderingContext2d.obj
 0001:00005b60       ?create_transparent_gradient@@YAPEAU_cairo_pattern@@PEAU1@M@Z 0000000180006b60 f   CanvasRenderingContext2d.obj
 0001:00005cf0       ?create_transparent_pattern@@YAPEAU_cairo_pattern@@PEAU1@M@Z 0000000180006cf0 f   CanvasRenderingContext2d.obj
 0001:00005dc0       ?setFillRule@Context2d@@QEAAXV?$Local@VValue@v8@@@v8@@@Z 0000000180006dc0 f i CanvasRenderingContext2d.obj
 0001:00005e60       ?fill@Context2d@@QEAAX_N@Z 0000000180006e60 f   CanvasRenderingContext2d.obj
 0001:000060c0       ?stroke@Context2d@@QEAAX_N@Z 00000001800070c0 f   CanvasRenderingContext2d.obj
 0001:00006320       ?shadow@Context2d@@QEAAXP6AXPEAU_cairo@@@Z@Z 0000000180007320 f   CanvasRenderingContext2d.obj
 0001:000066e0       ?hasShadow@Context2d@@QEAA_NXZ 00000001800076e0 f i CanvasRenderingContext2d.obj
 0001:00006730       ?blur@Context2d@@QEAAXPEAU_cairo_surface@@H@Z 0000000180007730 f   CanvasRenderingContext2d.obj
 0001:00006ca0       ?New@Context2d@@SAXAEBV?$FunctionCallbackInfo@VValue@v8@@@Nan@@@Z 0000000180007ca0 f   CanvasRenderingContext2d.obj
 0001:00006f40       ?AddPage@Context2d@@SAXAEBV?$FunctionCallbackInfo@VValue@v8@@@Nan@@@Z 0000000180007f40 f   CanvasRenderingContext2d.obj
 0001:00006f90       ?PutImageData@Context2d@@SAXAEBV?$FunctionCallbackInfo@VValue@v8@@@Nan@@@Z 0000000180007f90 f   CanvasRenderingContext2d.obj
 0001:000076d0       ?GetImageData@Context2d@@SAXAEBV?$FunctionCallbackInfo@VValue@v8@@@Nan@@@Z 00000001800086d0 f   CanvasRenderingContext2d.obj
 0001:00007e80       ?DrawImage@Context2d@@SAXAEBV?$FunctionCallbackInfo@VValue@v8@@@Nan@@@Z 0000000180008e80 f   CanvasRenderingContext2d.obj
 0001:000088c0       ?GetGlobalAlpha@Context2d@@SAXV?$Local@VString@v8@@@v8@@AEBV?$PropertyCallbackInfo@VValue@v8@@@Nan@@@Z 00000001800098c0 f   CanvasRenderingContext2d.obj
 0001:00008940       ?SetGlobalAlpha@Context2d@@SAXV?$Local@VString@v8@@@v8@@V?$Local@VValue@v8@@@3@AEBV?$PropertyCallbackInfo@X@Nan@@@Z 0000000180009940 f   CanvasRenderingContext2d.obj
 0001:000089a0       ?GetGlobalCompositeOperation@Context2d@@SAXV?$Local@VString@v8@@@v8@@AEBV?$PropertyCallbackInfo@VValue@v8@@@Nan@@@Z 00000001800099a0 f   CanvasRenderingContext2d.obj
 0001:00008c00       ?SetPatternQuality@Context2d@@SAXV?$Local@VString@v8@@@v8@@V?$Local@VValue@v8@@@3@AEBV?$PropertyCallbackInfo@X@Nan@@@Z 0000000180009c00 f   CanvasRenderingContext2d.obj
 0001:00008d50       ?GetPatternQuality@Context2d@@SAXV?$Local@VString@v8@@@v8@@AEBV?$PropertyCallbackInfo@VValue@v8@@@Nan@@@Z 0000000180009d50 f   CanvasRenderingContext2d.obj
 0001:00008e20       ?SetGlobalCompositeOperation@Context2d@@SAXV?$Local@VString@v8@@@v8@@V?$Local@VValue@v8@@@3@AEBV?$PropertyCallbackInfo@X@Nan@@@Z 0000000180009e20 f   CanvasRenderingContext2d.obj
 0001:00009260       ?GetShadowOffsetX@Context2d@@SAXV?$Local@VString@v8@@@v8@@AEBV?$PropertyCallbackInfo@VValue@v8@@@Nan@@@Z 000000018000a260 f   CanvasRenderingContext2d.obj
 0001:000092e0       ?SetShadowOffsetX@Context2d@@SAXV?$Local@VString@v8@@@v8@@V?$Local@VValue@v8@@@3@AEBV?$PropertyCallbackInfo@X@Nan@@@Z 000000018000a2e0 f   CanvasRenderingContext2d.obj
 0001:00009330       ?GetShadowOffsetY@Context2d@@SAXV?$Local@VString@v8@@@v8@@AEBV?$PropertyCallbackInfo@VValue@v8@@@Nan@@@Z 000000018000a330 f   CanvasRenderingContext2d.obj
 0001:000093b0       ?SetShadowOffsetY@Context2d@@SAXV?$Local@VString@v8@@@v8@@V?$Local@VValue@v8@@@3@AEBV?$PropertyCallbackInfo@X@Nan@@@Z 000000018000a3b0 f   CanvasRenderingContext2d.obj
 0001:00009400       ?GetShadowBlur@Context2d@@SAXV?$Local@VString@v8@@@v8@@AEBV?$PropertyCallbackInfo@VValue@v8@@@Nan@@@Z 000000018000a400 f   CanvasRenderingContext2d.obj
 0001:00009480       ?SetShadowBlur@Context2d@@SAXV?$Local@VString@v8@@@v8@@V?$Local@VValue@v8@@@3@AEBV?$PropertyCallbackInfo@X@Nan@@@Z 000000018000a480 f   CanvasRenderingContext2d.obj
 0001:000094d0       ?GetAntiAlias@Context2d@@SAXV?$Local@VString@v8@@@v8@@AEBV?$PropertyCallbackInfo@VValue@v8@@@Nan@@@Z 000000018000a4d0 f   CanvasRenderingContext2d.obj
 0001:000095a0       ?SetAntiAlias@Context2d@@SAXV?$Local@VString@v8@@@v8@@V?$Local@VValue@v8@@@3@AEBV?$PropertyCallbackInfo@X@Nan@@@Z 000000018000a5a0 f   CanvasRenderingContext2d.obj
 0001:000096b0       ?GetTextDrawingMode@Context2d@@SAXV?$Local@VString@v8@@@v8@@AEBV?$PropertyCallbackInfo@VValue@v8@@@Nan@@@Z 000000018000a6b0 f   CanvasRenderingContext2d.obj
 0001:00009770       ?SetTextDrawingMode@Context2d@@SAXV?$Local@VString@v8@@@v8@@V?$Local@VValue@v8@@@3@AEBV?$PropertyCallbackInfo@X@Nan@@@Z 000000018000a770 f   CanvasRenderingContext2d.obj
 0001:00009840       ?GetFilter@Context2d@@SAXV?$Local@VString@v8@@@v8@@AEBV?$PropertyCallbackInfo@VValue@v8@@@Nan@@@Z 000000018000a840 f   CanvasRenderingContext2d.obj
 0001:00009920       ?SetFilter@Context2d@@SAXV?$Local@VString@v8@@@v8@@V?$Local@VValue@v8@@@3@AEBV?$PropertyCallbackInfo@X@Nan@@@Z 000000018000a920 f   CanvasRenderingContext2d.obj
 0001:00009a30       ?GetMiterLimit@Context2d@@SAXV?$Local@VString@v8@@@v8@@AEBV?$PropertyCallbackInfo@VValue@v8@@@Nan@@@Z 000000018000aa30 f   CanvasRenderingContext2d.obj
 0001:00009ab0       ?SetMiterLimit@Context2d@@SAXV?$Local@VString@v8@@@v8@@V?$Local@VValue@v8@@@3@AEBV?$PropertyCallbackInfo@X@Nan@@@Z 000000018000aab0 f   CanvasRenderingContext2d.obj
 0001:00009b00       ?GetLineWidth@Context2d@@SAXV?$Local@VString@v8@@@v8@@AEBV?$PropertyCallbackInfo@VValue@v8@@@Nan@@@Z 000000018000ab00 f   CanvasRenderingContext2d.obj
 0001:00009b80       ?SetLineWidth@Context2d@@SAXV?$Local@VString@v8@@@v8@@V?$Local@VValue@v8@@@3@AEBV?$PropertyCallbackInfo@X@Nan@@@Z 000000018000ab80 f   CanvasRenderingContext2d.obj
 0001:00009be0       ?GetLineJoin@Context2d@@SAXV?$Local@VString@v8@@@v8@@AEBV?$PropertyCallbackInfo@VValue@v8@@@Nan@@@Z 000000018000abe0 f   CanvasRenderingContext2d.obj
 0001:00009ca0       ?SetLineJoin@Context2d@@SAXV?$Local@VString@v8@@@v8@@V?$Local@VValue@v8@@@3@AEBV?$PropertyCallbackInfo@X@Nan@@@Z 000000018000aca0 f   CanvasRenderingContext2d.obj
 0001:00009d50       ?GetLineCap@Context2d@@SAXV?$Local@VString@v8@@@v8@@AEBV?$PropertyCallbackInfo@VValue@v8@@@Nan@@@Z 000000018000ad50 f   CanvasRenderingContext2d.obj
 0001:00009e10       ?SetLineCap@Context2d@@SAXV?$Local@VString@v8@@@v8@@V?$Local@VValue@v8@@@3@AEBV?$PropertyCallbackInfo@X@Nan@@@Z 000000018000ae10 f   CanvasRenderingContext2d.obj
 0001:00009ec0       ?IsPointInPath@Context2d@@SAXAEBV?$FunctionCallbackInfo@VValue@v8@@@Nan@@@Z 000000018000aec0 f   CanvasRenderingContext2d.obj
 0001:0000a060       ?SetFillPattern@Context2d@@SAXAEBV?$FunctionCallbackInfo@VValue@v8@@@Nan@@@Z 000000018000b060 f   CanvasRenderingContext2d.obj
 0001:0000a1d0       ?SetStrokePattern@Context2d@@SAXAEBV?$FunctionCallbackInfo@VValue@v8@@@Nan@@@Z 000000018000b1d0 f   CanvasRenderingContext2d.obj
 0001:0000a340       ?SetShadowColor@Context2d@@SAXV?$Local@VString@v8@@@v8@@V?$Local@VValue@v8@@@3@AEBV?$PropertyCallbackInfo@X@Nan@@@Z 000000018000b340 f   CanvasRenderingContext2d.obj
 0001:0000a440       ?GetShadowColor@Context2d@@SAXV?$Local@VString@v8@@@v8@@AEBV?$PropertyCallbackInfo@VValue@v8@@@Nan@@@Z 000000018000b440 f   CanvasRenderingContext2d.obj
 0001:0000a5c0       ?SetFillColor@Context2d@@SAXAEBV?$FunctionCallbackInfo@VValue@v8@@@Nan@@@Z 000000018000b5c0 f   CanvasRenderingContext2d.obj
 0001:0000a710       ?GetFillColor@Context2d@@SAXV?$Local@VString@v8@@@v8@@AEBV?$PropertyCallbackInfo@VValue@v8@@@Nan@@@Z 000000018000b710 f   CanvasRenderingContext2d.obj
 0001:0000a880       ?SetStrokeColor@Context2d@@SAXAEBV?$FunctionCallbackInfo@VValue@v8@@@Nan@@@Z 000000018000b880 f   CanvasRenderingContext2d.obj
 0001:0000a9d0       ?GetStrokeColor@Context2d@@SAXV?$Local@VString@v8@@@v8@@AEBV?$PropertyCallbackInfo@VValue@v8@@@Nan@@@Z 000000018000b9d0 f   CanvasRenderingContext2d.obj
 0001:0000ab40       ?BezierCurveTo@Context2d@@SAXAEBV?$FunctionCallbackInfo@VValue@v8@@@Nan@@@Z 000000018000bb40 f   CanvasRenderingContext2d.obj
 0001:0000ae10       ?QuadraticCurveTo@Context2d@@SAXAEBV?$FunctionCallbackInfo@VValue@v8@@@Nan@@@Z 000000018000be10 f   CanvasRenderingContext2d.obj
 0001:0000b090       ?Save@Context2d@@SAXAEBV?$FunctionCallbackInfo@VValue@v8@@@Nan@@@Z 000000018000c090 f   CanvasRenderingContext2d.obj
 0001:0000b180       ?Restore@Context2d@@SAXAEBV?$FunctionCallbackInfo@VValue@v8@@@Nan@@@Z 000000018000c180 f   CanvasRenderingContext2d.obj
 0001:0000b1f0       ?BeginPath@Context2d@@SAXAEBV?$FunctionCallbackInfo@VValue@v8@@@Nan@@@Z 000000018000c1f0 f   CanvasRenderingContext2d.obj
 0001:0000b220       ?ClosePath@Context2d@@SAXAEBV?$FunctionCallbackInfo@VValue@v8@@@Nan@@@Z 000000018000c220 f   CanvasRenderingContext2d.obj
 0001:0000b250       ?Rotate@Context2d@@SAXAEBV?$FunctionCallbackInfo@VValue@v8@@@Nan@@@Z 000000018000c250 f   CanvasRenderingContext2d.obj
 0001:0000b2e0       ?Transform@Context2d@@SAXAEBV?$FunctionCallbackInfo@VValue@v8@@@Nan@@@Z 000000018000c2e0 f   CanvasRenderingContext2d.obj
 0001:0000b5d0       ?ResetTransform@Context2d@@SAXAEBV?$FunctionCallbackInfo@VValue@v8@@@Nan@@@Z 000000018000c5d0 f   CanvasRenderingContext2d.obj
 0001:0000b600       ?Translate@Context2d@@SAXAEBV?$FunctionCallbackInfo@VValue@v8@@@Nan@@@Z 000000018000c600 f   CanvasRenderingContext2d.obj
 0001:0000b700       ?Scale@Context2d@@SAXAEBV?$FunctionCallbackInfo@VValue@v8@@@Nan@@@Z 000000018000c700 f   CanvasRenderingContext2d.obj
 0001:0000b800       ?Clip@Context2d@@SAXAEBV?$FunctionCallbackInfo@VValue@v8@@@Nan@@@Z 000000018000c800 f   CanvasRenderingContext2d.obj
 0001:0000b860       ?Fill@Context2d@@SAXAEBV?$FunctionCallbackInfo@VValue@v8@@@Nan@@@Z 000000018000c860 f   CanvasRenderingContext2d.obj
 0001:0000b8c0       ?Stroke@Context2d@@SAXAEBV?$FunctionCallbackInfo@VValue@v8@@@Nan@@@Z 000000018000c8c0 f   CanvasRenderingContext2d.obj
 0001:0000b8f0       ?FillText@Context2d@@SAXAEBV?$FunctionCallbackInfo@VValue@v8@@@Nan@@@Z 000000018000c8f0 f   CanvasRenderingContext2d.obj
 0001:0000bac0       ?StrokeText@Context2d@@SAXAEBV?$FunctionCallbackInfo@VValue@v8@@@Nan@@@Z 000000018000cac0 f   CanvasRenderingContext2d.obj
 0001:0000bc90       ?setTextPath@Context2d@@QEAAXPEBDNN@Z 000000018000cc90 f   CanvasRenderingContext2d.obj
 0001:0000be10       ?LineTo@Context2d@@SAXAEBV?$FunctionCallbackInfo@VValue@v8@@@Nan@@@Z 000000018000ce10 f   CanvasRenderingContext2d.obj
 0001:0000bf10       ?MoveTo@Context2d@@SAXAEBV?$FunctionCallbackInfo@VValue@v8@@@Nan@@@Z 000000018000cf10 f   CanvasRenderingContext2d.obj
 0001:0000c010       ?SetFont@Context2d@@SAXAEBV?$FunctionCallbackInfo@VValue@v8@@@Nan@@@Z 000000018000d010 f   CanvasRenderingContext2d.obj
 0001:0000c340       ?MeasureText@Context2d@@SAXAEBV?$FunctionCallbackInfo@VValue@v8@@@Nan@@@Z 000000018000d340 f   CanvasRenderingContext2d.obj
 0001:0000c830       ?SetTextBaseline@Context2d@@SAXAEBV?$FunctionCallbackInfo@VValue@v8@@@Nan@@@Z 000000018000d830 f   CanvasRenderingContext2d.obj
 0001:0000c8b0       ?SetTextAlignment@Context2d@@SAXAEBV?$FunctionCallbackInfo@VValue@v8@@@Nan@@@Z 000000018000d8b0 f   CanvasRenderingContext2d.obj
 0001:0000c930       ?SetLineDash@Context2d@@SAXAEBV?$FunctionCallbackInfo@VValue@v8@@@Nan@@@Z 000000018000d930 f   CanvasRenderingContext2d.obj
 0001:0000cc30       ?GetLineDash@Context2d@@SAXAEBV?$FunctionCallbackInfo@VValue@v8@@@Nan@@@Z 000000018000dc30 f   CanvasRenderingContext2d.obj
 0001:0000ce60       ?SetLineDashOffset@Context2d@@SAXV?$Local@VString@v8@@@v8@@V?$Local@VValue@v8@@@3@AEBV?$PropertyCallbackInfo@X@Nan@@@Z 000000018000de60 f   CanvasRenderingContext2d.obj
 0001:0000cfe0       ?GetLineDashOffset@Context2d@@SAXV?$Local@VString@v8@@@v8@@AEBV?$PropertyCallbackInfo@VValue@v8@@@Nan@@@Z 000000018000dfe0 f   CanvasRenderingContext2d.obj
 0001:0000d070       ?FillRect@Context2d@@SAXAEBV?$FunctionCallbackInfo@VValue@v8@@@Nan@@@Z 000000018000e070 f   CanvasRenderingContext2d.obj
 0001:0000d270       ?StrokeRect@Context2d@@SAXAEBV?$FunctionCallbackInfo@VValue@v8@@@Nan@@@Z 000000018000e270 f   CanvasRenderingContext2d.obj
 0001:0000d470       ?ClearRect@Context2d@@SAXAEBV?$FunctionCallbackInfo@VValue@v8@@@Nan@@@Z 000000018000e470 f   CanvasRenderingContext2d.obj
 0001:0000d690       ?Rect@Context2d@@SAXAEBV?$FunctionCallbackInfo@VValue@v8@@@Nan@@@Z 000000018000e690 f   CanvasRenderingContext2d.obj
 0001:0000d8b0       ?Arc@Context2d@@SAXAEBV?$FunctionCallbackInfo@VValue@v8@@@Nan@@@Z 000000018000e8b0 f   CanvasRenderingContext2d.obj
 0001:0000dc50       ?ArcTo@Context2d@@SAXAEBV?$FunctionCallbackInfo@VValue@v8@@@Nan@@@Z 000000018000ec50 f   CanvasRenderingContext2d.obj
 0001:0000e2f0       ??1?$vector@NV?$allocator@N@std@@@std@@QEAA@XZ 000000018000f2f0 f i CanvasRenderingContext2d.obj
 0001:0000e350       ??0?$TypedArrayContents@E@Nan@@QEAA@V?$Local@VValue@v8@@@v8@@@Z 000000018000f350 f i CanvasRenderingContext2d.obj
 0001:0000e410       ?_Xlength@?$vector@NV?$allocator@N@std@@@std@@CAXXZ 000000018000f410 f i CanvasRenderingContext2d.obj
 0001:0000e430       __local_stdio_printf_options 000000018000f430 f i color.obj
 0001:0000e440       snprintf                   000000018000f440 f i color.obj
 0001:0000ef00       ?rgba_from_string@@YAHPEBDPEAF@Z 000000018000ff00 f   color.obj
 0001:0000f4f0       ?Initialize@Image@@SAXV?$Local@VObject@v8@@@v8@@@Z 00000001800104f0 f   Image.obj
 0001:0000f9c0       ?New@Image@@SAXAEBV?$FunctionCallbackInfo@VValue@v8@@@Nan@@@Z 00000001800109c0 f   Image.obj
 0001:0000fa90       ?GetComplete@Image@@SAXV?$Local@VString@v8@@@v8@@AEBV?$PropertyCallbackInfo@VValue@v8@@@Nan@@@Z 0000000180010a90 f   Image.obj
 0001:0000fb00       ?GetDataMode@Image@@SAXV?$Local@VString@v8@@@v8@@AEBV?$PropertyCallbackInfo@VValue@v8@@@Nan@@@Z 0000000180010b00 f   Image.obj
 0001:0000fb80       ?SetDataMode@Image@@SAXV?$Local@VString@v8@@@v8@@V?$Local@VValue@v8@@@3@AEBV?$PropertyCallbackInfo@X@Nan@@@Z 0000000180010b80 f   Image.obj
 0001:0000fbd0       ?GetWidth@Image@@SAXV?$Local@VString@v8@@@v8@@AEBV?$PropertyCallbackInfo@VValue@v8@@@Nan@@@Z 0000000180010bd0 f   Image.obj
 0001:0000fc50       ?GetHeight@Image@@SAXV?$Local@VString@v8@@@v8@@AEBV?$PropertyCallbackInfo@VValue@v8@@@Nan@@@Z 0000000180010c50 f   Image.obj
 0001:0000fcd0       ?GetSource@Image@@SAXV?$Local@VString@v8@@@v8@@AEBV?$PropertyCallbackInfo@VValue@v8@@@Nan@@@Z 0000000180010cd0 f   Image.obj
 0001:0000fd70       ?SetSource@Image@@SAXV?$Local@VString@v8@@@v8@@V?$Local@VValue@v8@@@3@AEBV?$PropertyCallbackInfo@X@Nan@@@Z 0000000180010d70 f   Image.obj
 0001:000100d0       ?readPNG@Image@@SA?AW4_cairo_status@@PEAXPEAEI@Z 00000001800110d0 f   Image.obj
 0001:00010110       ?GetOnload@Image@@SAXV?$Local@VString@v8@@@v8@@AEBV?$PropertyCallbackInfo@VValue@v8@@@Nan@@@Z 0000000180011110 f   Image.obj
 0001:000101a0       ?SetOnload@Image@@SAXV?$Local@VString@v8@@@v8@@V?$Local@VValue@v8@@@3@AEBV?$PropertyCallbackInfo@X@Nan@@@Z 00000001800111a0 f   Image.obj
 0001:00010280       ?GetOnerror@Image@@SAXV?$Local@VString@v8@@@v8@@AEBV?$PropertyCallbackInfo@VValue@v8@@@Nan@@@Z 0000000180011280 f   Image.obj
 0001:00010310       ?SetOnerror@Image@@SAXV?$Local@VString@v8@@@v8@@V?$Local@VValue@v8@@@3@AEBV?$PropertyCallbackInfo@X@Nan@@@Z 0000000180011310 f   Image.obj
 0001:000103f0       ??_EImage@@EEAAPEAXI@Z     00000001800113f0 f i * CIL library *:* CIL module *
 0001:000103f0       ??_GImage@@EEAAPEAXI@Z     00000001800113f0 f i Image.obj
 0001:00010520       ??_EImageData@@UEAAPEAXI@Z 0000000180011520 f i * CIL library *:* CIL module *
 0001:00010520       ??_GImageData@@UEAAPEAXI@Z 0000000180011520 f i ImageData.obj
 0001:00010590       ?Initialize@ImageData@@SAXV?$Local@VObject@v8@@@v8@@@Z 0000000180011590 f   ImageData.obj
 0001:000107e0       ?New@ImageData@@SAXAEBV?$FunctionCallbackInfo@VValue@v8@@@Nan@@@Z 00000001800117e0 f   ImageData.obj
 0001:00010b80       ?init@@YAXV?$Local@VObject@v8@@@v8@@@Z 0000000180011b80 f   init.obj
 0001:00010cac       __imp_load_uv_queue_work   0000000180011cac f   node:node.exe
 0001:00010cb8       __tailMerge_node_exe       0000000180011cb8     node:node.exe
 0001:00010d31       __imp_load_?Global@Context@v8@@QEAA?AV?$Local@VObject@v8@@@2@XZ 0000000180011d31 f   node:node.exe
 0001:00010d3d       __imp_load_?Value@External@v8@@QEBAPEAXXZ 0000000180011d3d f   node:node.exe
 0001:00010d49       __imp_load_?New@External@v8@@SA?AV?$Local@VExternal@v8@@@2@PEAVIsolate@2@PEAX@Z 0000000180011d49 f   node:node.exe
 0001:00010d55       __imp_load_?NewFromUnsigned@Integer@v8@@SA?AV?$Local@VInteger@v8@@@2@PEAVIsolate@2@I@Z 0000000180011d55 f   node:node.exe
 0001:00010d61       __imp_load_?New@Signature@v8@@SA?AV?$Local@VSignature@v8@@@2@PEAVIsolate@2@V?$Local@VFunctionTemplate@v8@@@2@@Z 0000000180011d61 f   node:node.exe
 0001:00010d6d       __imp_load_?CheckMemoryPressure@Isolate@v8@@AEAAXXZ 0000000180011d6d f   node:node.exe
 0001:00010d79       __imp_load_?ReportExternalAllocationLimitReached@Isolate@v8@@AEAAXXZ 0000000180011d79 f   node:node.exe
 0001:00010d85       __imp_load_?ThrowException@Isolate@v8@@QEAA?AV?$Local@VValue@v8@@@2@V32@@Z 0000000180011d85 f   node:node.exe
 0001:00010d91       __imp_load_?GetCurrentContext@Isolate@v8@@QEAA?AV?$Local@VContext@v8@@@2@XZ 0000000180011d91 f   node:node.exe
 0001:00010d9d       __imp_load_?GetCurrent@Isolate@v8@@SAPEAV12@XZ 0000000180011d9d f   node:node.exe
 0001:00010da9       __imp_load_?CreateHandle@HandleScope@v8@@KAPEAPEAVObject@internal@2@PEAVIsolate@42@PEAV342@@Z 0000000180011da9 f   node:node.exe
 0001:00010db5       __imp_load_?CreateHandle@HandleScope@v8@@CAPEAPEAVObject@internal@2@PEAVHeapObject@42@PEAV342@@Z 0000000180011db5 f   node:node.exe
 0001:00010dc1       __imp_load_??1HandleScope@v8@@QEAA@XZ 0000000180011dc1 f   node:node.exe
 0001:00010dcd       __imp_load_??0HandleScope@v8@@QEAA@PEAVIsolate@1@@Z 0000000180011dcd f   node:node.exe
 0001:00010dd9       __imp_load_?Set@Template@v8@@QEAAXV?$Local@VName@v8@@@2@V?$Local@VData@v8@@@2@W4PropertyAttribute@2@@Z 0000000180011dd9 f   node:node.exe
 0001:00010de5       __imp_load_?Error@Exception@v8@@SA?AV?$Local@VValue@v8@@@2@V?$Local@VString@v8@@@2@@Z 0000000180011de5 f   node:node.exe
 0001:00010df1       __imp_load_?TypeError@Exception@v8@@SA?AV?$Local@VValue@v8@@@2@V?$Local@VString@v8@@@2@@Z 0000000180011df1 f   node:node.exe
 0001:00010dfd       __imp_load_?RangeError@Exception@v8@@SA?AV?$Local@VValue@v8@@@2@V?$Local@VString@v8@@@2@@Z 0000000180011dfd f   node:node.exe
 0001:00010e09       __imp_load_?SetClassName@FunctionTemplate@v8@@QEAAXV?$Local@VString@v8@@@2@@Z 0000000180011e09 f   node:node.exe
 0001:00010e15       __imp_load_?PrototypeTemplate@FunctionTemplate@v8@@QEAA?AV?$Local@VObjectTemplate@v8@@@2@XZ 0000000180011e15 f   node:node.exe
 0001:00010e21       __imp_load_?InstanceTemplate@FunctionTemplate@v8@@QEAA?AV?$Local@VObjectTemplate@v8@@@2@XZ 0000000180011e21 f   node:node.exe
 0001:00010e2d       __imp_load_?GetFunction@FunctionTemplate@v8@@QEAA?AV?$Local@VFunction@v8@@@2@XZ 0000000180011e2d f   node:node.exe
 0001:00010e39       __imp_load_?New@FunctionTemplate@v8@@SA?AV?$Local@VFunctionTemplate@v8@@@2@PEAVIsolate@2@P6AXAEBV?$FunctionCallbackInfo@VValue@v8@@@2@@ZV?$Local@VValue@v8@@@2@V?$Local@VSignature@v8@@@2@HW4ConstructorBehavior@2@W4SideEffectType@2@@Z 0000000180011e39 f   node:node.exe
 0001:00010e45       __imp_load_?ToLocalEmpty@V8@v8@@CAXXZ 0000000180011e45 f   node:node.exe
 0001:00010e51       __imp_load_?ClearWeak@V8@v8@@CAPEAXPEAPEAVObject@internal@2@@Z 0000000180011e51 f   node:node.exe
 0001:00010e5d       __imp_load_?MakeWeak@V8@v8@@CAXPEAPEAVObject@internal@2@PEAXP6AXAEBV?$WeakCallbackInfo@X@2@@ZW4WeakCallbackType@2@@Z 0000000180011e5d f   node:node.exe
 0001:00010e69       __imp_load_?DisposeGlobal@V8@v8@@CAXPEAPEAVObject@internal@2@@Z 0000000180011e69 f   node:node.exe
 0001:00010e75       __imp_load_?GlobalizeReference@V8@v8@@CAPEAPEAVObject@internal@2@PEAVIsolate@42@PEAPEAV342@@Z 0000000180011e75 f   node:node.exe
 0001:00010e81       __imp_load_?StrictEquals@Value@v8@@QEBA_NV?$Local@VValue@v8@@@2@@Z 0000000180011e81 f   node:node.exe
 0001:00010e8d       __imp_load_?Uint32Value@Value@v8@@QEBAIXZ 0000000180011e8d f   node:node.exe
 0001:00010e99       __imp_load_?ToUint32@Value@v8@@QEBA?AV?$MaybeLocal@VUint32@v8@@@2@V?$Local@VContext@v8@@@2@@Z 0000000180011e99 f   node:node.exe
 0001:00010ea5       __imp_load_?IsUint32@Value@v8@@QEBA_NXZ 0000000180011ea5 f   node:node.exe
 0001:00010eb1       __imp_load_?IsNumber@Value@v8@@QEBA_NXZ 0000000180011eb1 f   node:node.exe
 0001:00010ebd       __imp_load_?IsFunction@Value@v8@@QEBA_NXZ 0000000180011ebd f   node:node.exe
 0001:00010ec9       __imp_load_?ReThrow@TryCatch@v8@@QEAA?AV?$Local@VValue@v8@@@2@XZ 0000000180011ec9 f   node:node.exe
 0001:00010ed5       __imp_load_?HasCaught@TryCatch@v8@@QEBA_NXZ 0000000180011ed5 f   node:node.exe
 0001:00010ee1       __imp_load_??1TryCatch@v8@@QEAA@XZ 0000000180011ee1 f   node:node.exe
 0001:00010eed       __imp_load_??0TryCatch@v8@@QEAA@PEAVIsolate@1@@Z 0000000180011eed f   node:node.exe
 0001:00010ef9       __imp_load_?Escape@EscapableHandleScope@v8@@AEAAPEAPEAVObject@internal@2@PEAPEAV342@@Z 0000000180011ef9 f   node:node.exe
 0001:00010f05       __imp_load_??0EscapableHandleScope@v8@@QEAA@PEAVIsolate@1@@Z 0000000180011f05 f   node:node.exe
 0001:00010f11       __imp_load_??1Utf8Value@String@v8@@QEAA@XZ 0000000180011f11 f   node:node.exe
 0001:00010f1d       __imp_load_??0Utf8Value@String@v8@@QEAA@V?$Local@VValue@v8@@@2@@Z 0000000180011f1d f   node:node.exe
 0001:00010f29       __imp_load_?NewFromUtf8@String@v8@@SA?AV?$MaybeLocal@VString@v8@@@2@PEAVIsolate@2@PEBDW4NewStringType@2@H@Z 0000000180011f29 f   node:node.exe
 0001:00010f35       __imp_load_?New@Number@v8@@SA?AV?$Local@VNumber@v8@@@2@PEAVIsolate@2@N@Z 0000000180011f35 f   node:node.exe
 0001:00010f41       __imp_load_?SlowGetAlignedPointerFromInternalField@Object@v8@@AEAAPEAXH@Z 0000000180011f41 f   node:node.exe
 0001:00010f4d       __imp_load_?SlowGetInternalField@Object@v8@@AEAA?AV?$Local@VValue@v8@@@2@H@Z 0000000180011f4d f   node:node.exe
 0001:00010f59       __imp_load_?New@Object@v8@@SA?AV?$Local@VObject@v8@@@2@PEAVIsolate@2@@Z 0000000180011f59 f   node:node.exe
 0001:00010f65       __imp_load_?SetAlignedPointerInInternalField@Object@v8@@QEAAXHPEAX@Z 0000000180011f65 f   node:node.exe
 0001:00010f71       __imp_load_?SetInternalField@Object@v8@@QEAAXHV?$Local@VValue@v8@@@2@@Z 0000000180011f71 f   node:node.exe
 0001:00010f7d       __imp_load_?InternalFieldCount@Object@v8@@QEAAHXZ 0000000180011f7d f   node:node.exe
 0001:00010f89       __imp_load_?Get@Object@v8@@QEAA?AV?$Local@VValue@v8@@@2@V32@@Z 0000000180011f89 f   node:node.exe
 0001:00010f95       __imp_load_?Set@Object@v8@@QEAA?AV?$Maybe@_N@2@V?$Local@VContext@v8@@@2@V?$Local@VValue@v8@@@2@1@Z 0000000180011f95 f   node:node.exe
 0001:00010fa1       __imp_load_?Call@Function@v8@@QEAA?AV?$MaybeLocal@VValue@v8@@@2@V?$Local@VContext@v8@@@2@V?$Local@VValue@v8@@@2@HQEAV52@@Z 0000000180011fa1 f   node:node.exe
 0001:00010fad       __imp_load_?SetInternalFieldCount@ObjectTemplate@v8@@QEAAXH@Z 0000000180011fad f   node:node.exe
 0001:00010fb9       __imp_load_?SetAccessor@ObjectTemplate@v8@@QEAAXV?$Local@VName@v8@@@2@P6AX0AEBV?$PropertyCallbackInfo@VValue@v8@@@2@@ZP6AX0V?$Local@VValue@v8@@@2@AEBV?$PropertyCallbackInfo@X@2@@Z3W4AccessControl@2@W4PropertyAttribute@2@V?$Local@VAccessorSignature@v8@@@2@@Z 0000000180011fb9 f   node:node.exe
 0001:00010fc5       __imp_load_?NewInstance@ObjectTemplate@v8@@QEAA?AV?$MaybeLocal@VObject@v8@@@2@V?$Local@VContext@v8@@@2@@Z 0000000180011fc5 f   node:node.exe
 0001:00010fd1       __imp_load_?New@ObjectTemplate@v8@@SA?AV?$Local@VObjectTemplate@v8@@@2@PEAVIsolate@2@V?$Local@VFunctionTemplate@v8@@@2@@Z 0000000180011fd1 f   node:node.exe
 0001:00010fdd       __imp_load_?EmitAsyncDestroy@node@@YAXPEAVIsolate@v8@@Uasync_context@1@@Z 0000000180011fdd f   node:node.exe
 0001:00010fe9       __imp_load_?New@Buffer@node@@YA?AV?$MaybeLocal@VObject@v8@@@v8@@PEAVIsolate@4@PEAD_KP6AX1PEAX@Z3@Z 0000000180011fe9 f   node:node.exe
 0001:00010ff5       __imp_load_?Data@Buffer@node@@YAPEADV?$Local@VObject@v8@@@v8@@@Z 0000000180011ff5 f   node:node.exe
 0001:00011001       __imp_load_?Copy@Buffer@node@@YA?AV?$MaybeLocal@VObject@v8@@@v8@@PEAVIsolate@4@PEBD_K@Z 0000000180012001 f   node:node.exe
 0001:0001100d       __imp_load_?MakeCallback@node@@YA?AV?$MaybeLocal@VValue@v8@@@v8@@PEAVIsolate@3@V?$Local@VObject@v8@@@3@V?$Local@VFunction@v8@@@3@HPEAV?$Local@VValue@v8@@@3@Uasync_context@1@@Z 000000018001200d f   node:node.exe
 0001:00011019       __imp_load_?EmitAsyncInit@node@@YA?AUasync_context@1@PEAVIsolate@v8@@V?$Local@VObject@v8@@@4@V?$Local@VString@v8@@@4@N@Z 0000000180012019 f   node:node.exe
 0001:00011025       __imp_load_uv_default_loop 0000000180012025 f   node:node.exe
 0001:00011031       __imp_load_?ToObject@Value@v8@@QEBA?AV?$Local@VObject@v8@@@2@XZ 0000000180012031 f   node:node.exe
 0001:0001103d       __imp_load_??1EscapableHandleScope@v8@@QEAA@XZ 000000018001203d f   node:node.exe
 0001:00011049       __imp_load_?NumberValue@Value@v8@@QEBANXZ 0000000180012049 f   node:node.exe
 0001:00011055       __imp_load_?HasInstance@FunctionTemplate@v8@@QEAA_NV?$Local@VValue@v8@@@2@@Z 0000000180012055 f   node:node.exe
 0001:00011061       __imp_load_?New@Uint8ClampedArray@v8@@SA?AV?$Local@VUint8ClampedArray@v8@@@2@V?$Local@VArrayBuffer@v8@@@2@_K1@Z 0000000180012061 f   node:node.exe
 0001:0001106d       __imp_load_?New@Integer@v8@@SA?AV?$Local@VInteger@v8@@@2@PEAVIsolate@2@H@Z 000000018001206d f   node:node.exe
 0001:00011079       __imp_load_?ByteLength@ArrayBufferView@v8@@QEAA_KXZ 0000000180012079 f   node:node.exe
 0001:00011085       __imp_load_?ByteOffset@ArrayBufferView@v8@@QEAA_KXZ 0000000180012085 f   node:node.exe
 0001:00011091       __imp_load_?Buffer@ArrayBufferView@v8@@QEAA?AV?$Local@VArrayBuffer@v8@@@2@XZ 0000000180012091 f   node:node.exe
 0001:0001109d       __imp_load_?New@Array@v8@@SA?AV?$Local@VArray@v8@@@2@PEAVIsolate@2@H@Z 000000018001209d f   node:node.exe
 0001:000110a9       __imp_load_?Length@Array@v8@@QEBAIXZ 00000001800120a9 f   node:node.exe
 0001:000110b5       __imp_load_?GetFunction@FunctionTemplate@v8@@QEAA?AV?$MaybeLocal@VFunction@v8@@@2@V?$Local@VContext@v8@@@2@@Z 00000001800120b5 f   node:node.exe
 0001:000110c1       __imp_load_?GetContents@ArrayBuffer@v8@@QEAA?AVContents@12@XZ 00000001800120c1 f   node:node.exe
 0001:000110cd       __imp_load_?New@ArrayBuffer@v8@@SA?AV?$Local@VArrayBuffer@v8@@@2@PEAVIsolate@2@_K@Z 00000001800120cd f   node:node.exe
 0001:000110d9       __imp_load_?Int32Value@Value@v8@@QEBAHXZ 00000001800120d9 f   node:node.exe
 0001:000110e5       __imp_load_?BooleanValue@Value@v8@@QEBA_NXZ 00000001800120e5 f   node:node.exe
 0001:000110f1       __imp_load_?ToInt32@Value@v8@@QEBA?AV?$MaybeLocal@VInt32@v8@@@2@V?$Local@VContext@v8@@@2@@Z 00000001800120f1 f   node:node.exe
 0001:000110fd       __imp_load_?IsArrayBufferView@Value@v8@@QEBA_NXZ 00000001800120fd f   node:node.exe
 0001:00011109       __imp_load_?IsInt32@Value@v8@@QEBA_NXZ 0000000180012109 f   node:node.exe
 0001:00011115       __imp_load_?IsObject@Value@v8@@QEBA_NXZ 0000000180012115 f   node:node.exe
 0001:00011121       __imp_load_?IsArray@Value@v8@@QEBA_NXZ 0000000180012121 f   node:node.exe
 0001:0001112d       __imp_load_?Get@Object@v8@@QEAA?AV?$Local@VValue@v8@@@2@I@Z 000000018001212d f   node:node.exe
 0001:00011139       __imp_load_?Set@Object@v8@@QEAA_NV?$Local@VValue@v8@@@2@0@Z 0000000180012139 f   node:node.exe
 0001:00011145       __imp_load_?NewInstance@Function@v8@@QEBA?AV?$MaybeLocal@VObject@v8@@@2@V?$Local@VContext@v8@@@2@HQEAV?$Local@VValue@v8@@@2@@Z 0000000180012145 f   node:node.exe
 0001:00011151       __imp_load_?ToString@Value@v8@@QEBA?AV?$Local@VString@v8@@@2@XZ 0000000180012151 f   node:node.exe
 0001:0001115d       __imp_load_?HasInstance@Buffer@node@@YA_NV?$Local@VValue@v8@@@v8@@@Z 000000018001215d f   node:node.exe
 0001:00011169       __imp_load_?Length@Buffer@node@@YA_KV?$Local@VObject@v8@@@v8@@@Z 0000000180012169 f   node:node.exe
 0001:00011175       __imp_load_?Length@TypedArray@v8@@QEAA_KXZ 0000000180012175 f   node:node.exe
 0001:00011181       __imp_load_?IsUint8ClampedArray@Value@v8@@QEBA_NXZ 0000000180012181 f   node:node.exe
 0001:0001118d       __imp_load_node_module_register 000000018001218d f   node:node.exe
 0001:0001119c       ??0bad_alloc@std@@QEAA@AEBV01@@Z 000000018001219c f i libcpmt:xthrow.obj
 0001:000111dc       ??0bad_alloc@std@@QEAA@XZ  00000001800121dc f i libcpmt:xthrow.obj
 0001:000111fc       ??0exception@std@@QEAA@AEBV01@@Z 00000001800121fc f i libcpmt:xthrow.obj
 0001:00011234       ??0length_error@std@@QEAA@AEBV01@@Z 0000000180012234 f i libcpmt:xthrow.obj
 0001:00011274       ??0length_error@std@@QEAA@PEBD@Z 0000000180012274 f i libcpmt:xthrow.obj
 0001:000112c0       ??0logic_error@std@@QEAA@AEBV01@@Z 00000001800122c0 f i libcpmt:xthrow.obj
 0001:00011300       ??1bad_exception@std@@UEAA@XZ 0000000180012300 f i libvcruntime:frame.obj
 0001:00011300       ??1bad_array_new_length@std@@UEAA@XZ 0000000180012300 f i LIBCMT:throw_bad_alloc.obj
 0001:00011300       ??1length_error@std@@UEAA@XZ 0000000180012300 f i libcpmt:xthrow.obj
 0001:00011300       ??1bad_alloc@std@@UEAA@XZ  0000000180012300 f i libcpmt:xthrow.obj
 0001:00011314       ??_Glogic_error@std@@UEAAPEAXI@Z 0000000180012314 f i libcpmt:xthrow.obj
 0001:00011314       ??_Gbad_array_new_length@std@@UEAAPEAXI@Z 0000000180012314 f i LIBCMT:throw_bad_alloc.obj
 0001:00011314       ??_Elogic_error@std@@UEAAPEAXI@Z 0000000180012314 f i libcpmt:xthrow.obj
 0001:00011314       ??_Elength_error@std@@UEAAPEAXI@Z 0000000180012314 f i libcpmt:xthrow.obj
 0001:00011314       ??_Glength_error@std@@UEAAPEAXI@Z 0000000180012314 f i libcpmt:xthrow.obj
 0001:00011314       ??_Gbad_exception@std@@UEAAPEAXI@Z 0000000180012314 f i libvcruntime:frame.obj
 0001:00011314       ??_Ebad_array_new_length@std@@UEAAPEAXI@Z 0000000180012314 f i LIBCMT:throw_bad_alloc.obj
 0001:00011314       ??_Eexception@std@@UEAAPEAXI@Z 0000000180012314 f i libcpmt:xthrow.obj
 0001:00011314       ??_Gexception@std@@UEAAPEAXI@Z 0000000180012314 f i libcpmt:xthrow.obj
 0001:00011314       ??_Gbad_alloc@std@@UEAAPEAXI@Z 0000000180012314 f i libcpmt:xthrow.obj
 0001:00011314       ??_Ebad_exception@std@@UEAAPEAXI@Z 0000000180012314 f i libvcruntime:frame.obj
 0001:00011314       ??_Ebad_alloc@std@@UEAAPEAXI@Z 0000000180012314 f i libcpmt:xthrow.obj
 0001:00011358       ?_Xlength_error@std@@YAXPEBD@Z 0000000180012358 f   libcpmt:xthrow.obj
 0001:0001137c       ?what@exception@std@@UEBAPEBDXZ 000000018001237c f i libcpmt:xthrow.obj
 0001:000113a0       __security_check_cookie    00000001800123a0 f   LIBCMT:amdsecgs.obj
 0001:000113c4       ??2@YAPEAX_K@Z             00000001800123c4 f   LIBCMT:new_scalar.obj
 0001:00011400       __scrt_acquire_startup_lock 0000000180012400 f   LIBCMT:utility.obj
 0001:0001143c       __scrt_dllmain_after_initialize_c 000000018001243c f   LIBCMT:utility.obj
 0001:00011470       __scrt_dllmain_before_initialize_c 0000000180012470 f   LIBCMT:utility.obj
 0001:00011488       __scrt_dllmain_crt_thread_attach 0000000180012488 f   LIBCMT:utility.obj
 0001:000114b0       __scrt_dllmain_crt_thread_detach 00000001800124b0 f   LIBCMT:utility.obj
 0001:000114c8       __scrt_dllmain_exception_filter 00000001800124c8 f   LIBCMT:utility.obj
 0001:00011528       __scrt_dllmain_uninitialize_c 0000000180012528 f   LIBCMT:utility.obj
 0001:00011558       __scrt_dllmain_uninitialize_critical 0000000180012558 f   LIBCMT:utility.obj
 0001:0001156c       __scrt_initialize_crt      000000018001256c f   LIBCMT:utility.obj
 0001:000115b8       __scrt_initialize_onexit_tables 00000001800125b8 f   LIBCMT:utility.obj
 0001:00011690       __scrt_is_nonwritable_in_current_image 0000000180012690 f   LIBCMT:utility.obj
 0001:0001172c       __scrt_release_startup_lock 000000018001272c f   LIBCMT:utility.obj
 0001:00011750       __scrt_uninitialize_crt    0000000180012750 f   LIBCMT:utility.obj
 0001:0001177c       _onexit                    000000018001277c f   LIBCMT:utility.obj
 0001:000117cc       atexit                     00000001800127cc f   LIBCMT:utility.obj
 0001:000117e4       ??3@YAXPEAX_K@Z            00000001800127e4 f   LIBCMT:delete_scalar_size.obj
 0001:00011b1c       _DllMainCRTStartup         0000000180012b1c f   LIBCMT:dll_dllmain.obj
 0001:00011b5c       ??_Gtype_info@@UEAAPEAXI@Z 0000000180012b5c f i LIBCMT:std_type_info_static.obj
 0001:00011b5c       ??_Etype_info@@UEAAPEAXI@Z 0000000180012b5c f i LIBCMT:std_type_info_static.obj
 0001:00011b88       __raise_securityfailure    0000000180012b88 f   LIBCMT:gs_report.obj
 0001:00011bbc       __report_gsfailure         0000000180012bbc f   LIBCMT:gs_report.obj
 0001:00011c90       __report_rangecheckfailure 0000000180012c90 f   LIBCMT:gs_report.obj
 0001:00011ca4       __report_securityfailure   0000000180012ca4 f   LIBCMT:gs_report.obj
 0001:00011e24       ??0bad_array_new_length@std@@QEAA@AEBV01@@Z 0000000180012e24 f i LIBCMT:throw_bad_alloc.obj
 0001:00011e64       ??0bad_array_new_length@std@@QEAA@XZ 0000000180012e64 f i LIBCMT:throw_bad_alloc.obj
 0001:00011e84       ?__scrt_throw_std_bad_alloc@@YAXXZ 0000000180012e84 f   LIBCMT:throw_bad_alloc.obj
 0001:00011ea4       ?__scrt_throw_std_bad_array_new_length@@YAXXZ 0000000180012ea4 f   LIBCMT:throw_bad_alloc.obj
 0001:00011ec4       __isa_available_init       0000000180012ec4 f   LIBCMT:cpu_disp.obj
 0001:00012040       DllMain                    0000000180013040 f   LIBCMT:dll_dllmain_stub.obj
 0001:00012040       _get_startup_argv_mode     0000000180013040 f   LIBCMT:argv_mode.obj
 0001:00012048       __scrt_is_ucrt_dll_in_use  0000000180013048 f   LIBCMT:ucrt_detection.obj
 0001:00012054       __crt_debugger_hook        0000000180013054 f   LIBCMT:utility_desktop.obj
 0001:0001205c       __scrt_fastfail            000000018001305c f   LIBCMT:utility_desktop.obj
 0001:000121a8       ??3@YAXPEAX@Z              00000001800131a8 f   LIBCMT:delete_scalar.obj
 0001:000121b0       __security_init_cookie     00000001800131b0 f   LIBCMT:gs_support.obj
 0001:0001225c       ?__scrt_initialize_type_info@@YAXXZ 000000018001325c f   LIBCMT:tncleanup.obj
 0001:0001226c       ?__scrt_uninitialize_type_info@@YAXXZ 000000018001326c f   LIBCMT:tncleanup.obj
 0001:00012278       __local_stdio_scanf_options 0000000180013278 f i LIBCMT:default_local_stdio_options.obj
 0001:00012280       __scrt_initialize_default_local_stdio_options 0000000180013280 f   LIBCMT:default_local_stdio_options.obj
 0001:0001229c       __scrt_get_dyn_tls_init_callback 000000018001329c f   LIBCMT:dyn_tls_init.obj
 0001:000122a4       _RTC_Initialize            00000001800132a4 f   LIBCMT:initsect.obj
 0001:000122e0       _RTC_Terminate             00000001800132e0 f   LIBCMT:initsect.obj
 0001:00012320       ??$_CallSETranslator@V__FrameHandler3@@@@YAHPEAUEHExceptionRecord@@PEA_KPEAU_CONTEXT@@PEAU_xDISPATCHER_CONTEXT@@PEBU_s_FuncInfo@@K1@Z 0000000180013320 f i libvcruntime:risctrnsctrl.obj
 0001:00012374       ?CatchTryBlock@__FrameHandler3@@SAPEBU_s_TryBlockMapEntry@@PEBU_s_FuncInfo@@H@Z 0000000180013374 f   libvcruntime:risctrnsctrl.obj
 0001:000123cc       ?ExecutionInCatch@__FrameHandler3@@SA_NPEAU_xDISPATCHER_CONTEXT@@PEBU_s_FuncInfo@@@Z 00000001800133cc f   libvcruntime:risctrnsctrl.obj
 0001:000123f8       ?FrameUnwindToEmptyState@__FrameHandler3@@SAXPEA_KPEAU_xDISPATCHER_CONTEXT@@PEBU_s_FuncInfo@@@Z 00000001800133f8 f   libvcruntime:risctrnsctrl.obj
 0001:0001245c       ?GetEstablisherFrame@__FrameHandler3@@SAPEA_KPEA_KPEAU_xDISPATCHER_CONTEXT@@PEBU_s_FuncInfo@@0@Z 000000018001345c f   libvcruntime:risctrnsctrl.obj
 0001:00012528       ?GetRangeOfTrysToCheck@__FrameHandler3@@SA?AU?$pair@Viterator@TryBlockMap@__FrameHandler3@@V123@@std@@AEAVTryBlockMap@1@HH@Z 0000000180013528 f   libvcruntime:risctrnsctrl.obj
 0001:00012684       ?UnwindNestedFrames@__FrameHandler3@@SAXPEA_KPEAUEHExceptionRecord@@PEAU_CONTEXT@@0PEAXPEBU_s_FuncInfo@@HHPEBU_s_HandlerType@@PEAU_xDISPATCHER_CONTEXT@@E@Z 0000000180013684 f   libvcruntime:risctrnsctrl.obj
 0001:000127a8       _CreateFrameInfo           00000001800137a8 f   libvcruntime:risctrnsctrl.obj
 0001:000127e4       _FindAndUnlinkFrame        00000001800137e4 f   libvcruntime:risctrnsctrl.obj
 0001:00012838       _GetImageBase              0000000180013838 f   libvcruntime:risctrnsctrl.obj
 0001:0001284c       _GetThrowImageBase         000000018001384c f   libvcruntime:risctrnsctrl.obj
 0001:00012860       _SetImageBase              0000000180013860 f   libvcruntime:risctrnsctrl.obj
 0001:00012878       _SetThrowImageBase         0000000180013878 f   libvcruntime:risctrnsctrl.obj
 0001:00012890       __CxxFrameHandler3         0000000180013890 f   libvcruntime:risctrnsctrl.obj
 0001:00012910       longjmp                    0000000180013910 f   libvcruntime:longjmpc.obj
 0001:00012938       __DestructExceptionObject  0000000180013938 f   libvcruntime:ehhelpers.obj
 0001:000129ac       ?_CallMemberFunction0@@YAXQEAX0@Z 00000001800139ac f i libvcruntime:ehhelpers.obj
 0001:000129b0       _IsExceptionObjectToBeDestroyed 00000001800139b0 f   libvcruntime:ehhelpers.obj
 0001:000129e0       __AdjustPointer            00000001800139e0 f   libvcruntime:ehhelpers.obj
 0001:00012a04       __FrameUnwindFilter        0000000180013a04 f   libvcruntime:ehhelpers.obj
 0001:00012a50       __std_terminate            0000000180013a50 f   libvcruntime:ehhelpers.obj
 0001:00012a5c       strstr                     0000000180013a5c f   libvcruntime:strstr.obj
 0001:00012c5c       __std_exception_copy       0000000180013c5c f   libvcruntime:std_exception.obj
 0001:00012cec       __std_exception_destroy    0000000180013cec f   libvcruntime:std_exception.obj
 0001:00012d14       _CxxThrowException         0000000180013d14 f   libvcruntime:throw.obj
 0001:00012dd4       __vcrt_initialize          0000000180013dd4 f   libvcruntime:initialization.obj
 0001:00012e08       __vcrt_thread_attach       0000000180013e08 f   libvcruntime:initialization.obj
 0001:00012e1c       __vcrt_thread_detach       0000000180013e1c f   libvcruntime:initialization.obj
 0001:00012e30       __vcrt_uninitialize        0000000180013e30 f   libvcruntime:initialization.obj
 0001:00012e50       __vcrt_uninitialize_critical 0000000180013e50 f   libvcruntime:initialization.obj
 0001:00012e60       __C_specific_handler       0000000180013e60 f   libvcruntime:riscchandler.obj
 0001:00013080       memset_repmovs             0000000180014080 f   libvcruntime:memset.obj
 0001:000130a0       memset                     00000001800140a0 f   libvcruntime:memset.obj
 0001:00013230       __std_type_info_compare    0000000180014230 f   libvcruntime:std_type_info.obj
 0001:00013258       __std_type_info_destroy_list 0000000180014258 f   libvcruntime:std_type_info.obj
 0001:00013284       __vcrt_freefls             0000000180014284 f   libvcruntime:per_thread_data.obj
 0001:000132a4       __vcrt_freeptd             00000001800142a4 f   libvcruntime:per_thread_data.obj
 0001:000132f4       __vcrt_getptd              00000001800142f4 f   libvcruntime:per_thread_data.obj
 0001:00013310       __vcrt_getptd_noexit       0000000180014310 f   libvcruntime:per_thread_data.obj
 0001:000133dc       __vcrt_initialize_ptd      00000001800143dc f   libvcruntime:per_thread_data.obj
 0001:00013430       __vcrt_uninitialize_ptd    0000000180014430 f   libvcruntime:per_thread_data.obj
 0001:00013454       ?GetCurrentState@__FrameHandler3@@SAHPEA_KPEAU_xDISPATCHER_CONTEXT@@PEBU_s_FuncInfo@@@Z 0000000180014454 f   libvcruntime:ehstate.obj
 0001:0001347c       ?GetUnwindTryBlock@__FrameHandler3@@SAHPEA_KPEAU_xDISPATCHER_CONTEXT@@PEBU_s_FuncInfo@@@Z 000000018001447c f   libvcruntime:ehstate.obj
 0001:000134a8       ?SetState@__FrameHandler3@@SAXPEA_KPEBU_s_FuncInfo@@H@Z 00000001800144a8 f   libvcruntime:ehstate.obj
 0001:000134b4       ?SetUnwindTryBlock@__FrameHandler3@@SAXPEA_KPEAU_xDISPATCHER_CONTEXT@@PEBU_s_FuncInfo@@H@Z 00000001800144b4 f   libvcruntime:ehstate.obj
 0001:000134f0       ?StateFromControlPc@__FrameHandler3@@SAHPEBU_s_FuncInfo@@PEAU_xDISPATCHER_CONTEXT@@@Z 00000001800144f0 f   libvcruntime:ehstate.obj
 0001:000134f8       ?StateFromIp@__FrameHandler3@@SAHPEBU_s_FuncInfo@@PEAU_xDISPATCHER_CONTEXT@@_K@Z 00000001800144f8 f   libvcruntime:ehstate.obj
 0001:00013f84       ??$TypeMatchHelper@V__FrameHandler3@@@@YAHPEBU_s_HandlerType@@PEBU_s_CatchableType@@PEBU_s_ThrowInfo@@@Z 0000000180014f84 f i libvcruntime:frame.obj
 0001:000140c8       ??$__InternalCxxFrameHandler@V__FrameHandler3@@@@YA?AW4_EXCEPTION_DISPOSITION@@PEAUEHExceptionRecord@@PEA_KPEAU_CONTEXT@@PEAU_xDISPATCHER_CONTEXT@@PEBU_s_FuncInfo@@H1E@Z 00000001800150c8 f i libvcruntime:frame.obj
 0001:00014310       ??0bad_exception@std@@QEAA@AEBV01@@Z 0000000180015310 f i libvcruntime:frame.obj
 0001:00014350       ??0bad_exception@std@@QEAA@XZ 0000000180015350 f i libvcruntime:frame.obj
 0001:00014370       ?CxxCallCatchBlock@__FrameHandler3@@SAPEAXPEAU_EXCEPTION_RECORD@@@Z 0000000180015370 f   libvcruntime:frame.obj
 0001:000145e4       ?FrameUnwindToState@__FrameHandler3@@SAXPEA_KPEAU_xDISPATCHER_CONTEXT@@PEBU_s_FuncInfo@@H@Z 00000001800155e4 f   libvcruntime:frame.obj
 0001:00014778       ?GetHandlerSearchState@__FrameHandler3@@SAHPEA_KPEAU_xDISPATCHER_CONTEXT@@PEBU_s_FuncInfo@@@Z 0000000180015778 f i libvcruntime:frame.obj
 0001:0001497c       ?_CallMemberFunction1@@YAXQEAX00@Z 000000018001597c f i libvcruntime:frame.obj
 0001:00014988       ?_CallMemberFunction2@@YAXQEAX00H@Z 0000000180015988 f i libvcruntime:frame.obj
 0001:000149a0       __except_validate_context_record 00000001800159a0 f   libvcruntime:jbcxrval.obj
 0001:000149d8       __except_validate_jump_buffer 00000001800159d8 f   libvcruntime:jbcxrval.obj
 0001:00014a18       __vcrt_initialize_locks    0000000180015a18 f   libvcruntime:locks.obj
 0001:00014a60       __vcrt_uninitialize_locks  0000000180015a60 f   libvcruntime:locks.obj
 0001:00014c70       __vcrt_FlsAlloc            0000000180015c70 f   libvcruntime:winapi_downlevel.obj
 0001:00014cb8       __vcrt_FlsFree             0000000180015cb8 f   libvcruntime:winapi_downlevel.obj
 0001:00014d00       __vcrt_FlsGetValue         0000000180015d00 f   libvcruntime:winapi_downlevel.obj
 0001:00014d48       __vcrt_FlsSetValue         0000000180015d48 f   libvcruntime:winapi_downlevel.obj
 0001:00014d9c       __vcrt_InitializeCriticalSectionEx 0000000180015d9c f   libvcruntime:winapi_downlevel.obj
 0001:00014e00       __vcrt_initialize_winapi_thunks 0000000180015e00 f   libvcruntime:winapi_downlevel.obj
 0001:00014e30       __vcrt_uninitialize_winapi_thunks 0000000180015e30 f   libvcruntime:winapi_downlevel.obj
 0001:00014e70       __vcrt_initialize_pure_virtual_call_handler 0000000180015e70 f   libvcruntime:purevirt_data.obj
 0001:00014e90       _NLG_Notify                0000000180015e90 f   libvcruntime:notify.obj
 0001:00014eb0       __NLG_Dispatch2            0000000180015eb0 f   libvcruntime:notify.obj
 0001:00014ec0       __NLG_Return2              0000000180015ec0 f   libvcruntime:notify.obj
 0001:00014ee0       _CallSettingFrame          0000000180015ee0 f   libvcruntime:handlers.obj
 0001:00014f30       _CallSettingFrameEncoded   0000000180015f30 f   libvcruntime:handlers.obj
 0001:00014f90       memcpy_repmovs             0000000180015f90 f   libvcruntime:memcpy.obj
 0001:00014fb0       memcpy                     0000000180015fb0 f   libvcruntime:memcpy.obj
 0001:00014fb0       memmove                    0000000180015fb0 f   libvcruntime:memcpy.obj
 0001:000153d8       realloc                    00000001800163d8 f   libucrt:realloc.obj
 0001:000153e0       free                       00000001800163e0 f   libucrt:free.obj
 0001:00015b0c       ??$ftprintf@PEAU_iobuf@@PEB_WAEBQEB_WAEBQEB_WAEBI@?$__crt_char_traits@_W@@SAH$$QEAPEAU_iobuf@@$$QEAPEB_WAEBQEB_W2AEBI@Z 0000000180016b0c f i libucrt:assert.obj
 0001:00015b34       _wassert                   0000000180016b34 f   libucrt:assert.obj
 0001:00015ba8       fwprintf                   0000000180016ba8 f i libucrt:assert.obj
 0001:00015bec       swprintf                   0000000180016bec f i libucrt:assert.obj
 0001:00015c40       malloc                     0000000180016c40 f   libucrt:malloc.obj
 0001:00015c48       _isnan                     0000000180016c48 f   libucrt:ieeemisc.obj
 0001:00015c74       _finite                    0000000180016c74 f   libucrt:_finite.obj
 0001:00015ca0       __acrt_call_reportfault    0000000180016ca0 f   libucrt:invalid_parameter.obj
 0001:00015dfc       __acrt_initialize_invalid_parameter_handler 0000000180016dfc f   libucrt:invalid_parameter.obj
 0001:00015e04       _invalid_parameter         0000000180016e04 f   libucrt:invalid_parameter.obj
 0001:00015eb4       _invalid_parameter_noinfo  0000000180016eb4 f   libucrt:invalid_parameter.obj
 0001:00015ed4       _invalid_parameter_noinfo_noreturn 0000000180016ed4 f   libucrt:invalid_parameter.obj
 0001:00015f04       _invoke_watson             0000000180016f04 f   libucrt:invalid_parameter.obj
 0001:00015f4c       __acrt_initialize_stdio    0000000180016f4c f   libucrt:_file.obj
 0001:0001606c       __acrt_iob_func            000000018001706c f   libucrt:_file.obj
 0001:00016080       __acrt_uninitialize_stdio  0000000180017080 f   libucrt:_file.obj
 0001:000160dc       _lock_file                 00000001800170dc f   libucrt:_file.obj
 0001:000160e8       _unlock_file               00000001800170e8 f   libucrt:_file.obj
 0001:000164d4       ??$ensure_buffer_is_big_enough@D@formatting_buffer@__crt_stdio_output@@QEAA_N_K@Z 00000001800174d4 f i libucrt:output.obj
 0001:0001657c       ??$ensure_buffer_is_big_enough@_W@formatting_buffer@__crt_stdio_output@@QEAA_N_K@Z 000000018001757c f i libucrt:output.obj
 0001:00016628       ??$is_wide_character_specifier@_W@__crt_stdio_output@@YA_N_K_WW4length_modifier@0@@Z 0000000180017628 f i libucrt:output.obj
 0001:00016668       ??$type_case_integer_parse_into_buffer@I@?$output_processor@DV?$string_output_adapter@D@__crt_stdio_output@@V?$standard_base@DV?$string_output_adapter@D@__crt_stdio_output@@@2@@__crt_stdio_output@@AEAAXII_N@Z 0000000180017668 f i libucrt:output.obj
 0001:000166f8       ??$type_case_integer_parse_into_buffer@I@?$output_processor@_WV?$string_output_adapter@_W@__crt_stdio_output@@V?$standard_base@_WV?$string_output_adapter@_W@__crt_stdio_output@@@2@@__crt_stdio_output@@AEAAXII_N@Z 00000001800176f8 f i libucrt:output.obj
 0001:000166f8       ??$type_case_integer_parse_into_buffer@I@?$output_processor@_WV?$stream_output_adapter@_W@__crt_stdio_output@@V?$standard_base@_WV?$stream_output_adapter@_W@__crt_stdio_output@@@2@@__crt_stdio_output@@AEAAXII_N@Z 00000001800176f8 f i libucrt:output.obj
 0001:0001679c       ??$type_case_integer_parse_into_buffer@_K@?$output_processor@DV?$string_output_adapter@D@__crt_stdio_output@@V?$standard_base@DV?$string_output_adapter@D@__crt_stdio_output@@@2@@__crt_stdio_output@@AEAAX_KI_N@Z 000000018001779c f i libucrt:output.obj
 0001:00016830       ??$type_case_integer_parse_into_buffer@_K@?$output_processor@_WV?$stream_output_adapter@_W@__crt_stdio_output@@V?$standard_base@_WV?$stream_output_adapter@_W@__crt_stdio_output@@@2@@__crt_stdio_output@@AEAAX_KI_N@Z 0000000180017830 f i libucrt:output.obj
 0001:00016830       ??$type_case_integer_parse_into_buffer@_K@?$output_processor@_WV?$string_output_adapter@_W@__crt_stdio_output@@V?$standard_base@_WV?$string_output_adapter@_W@__crt_stdio_output@@@2@@__crt_stdio_output@@AEAAX_KI_N@Z 0000000180017830 f i libucrt:output.obj
 0001:000168d4       ??$write_multiple_characters@V?$stream_output_adapter@_W@__crt_stdio_output@@D@__crt_stdio_output@@YAXAEBV?$stream_output_adapter@_W@0@DHQEAH@Z 00000001800178d4 f i libucrt:output.obj
 0001:00016968       ??$write_multiple_characters@V?$string_output_adapter@D@__crt_stdio_output@@D@__crt_stdio_output@@YAXAEBV?$string_output_adapter@D@0@DHQEAH@Z 0000000180017968 f i libucrt:output.obj
 0001:000169e0       ??$write_multiple_characters@V?$string_output_adapter@_W@__crt_stdio_output@@D@__crt_stdio_output@@YAXAEBV?$string_output_adapter@_W@0@DHQEAH@Z 00000001800179e0 f i libucrt:output.obj
 0001:00016a5c       ??0_LocaleUpdate@@QEAA@QEAU__crt_locale_pointers@@@Z 0000000180017a5c f i libucrt:output.obj
 0001:00016c2c       ?crop_zeroes@__crt_stdio_output@@YAXPEADQEAU__crt_locale_pointers@@@Z 0000000180017c2c f i libucrt:output.obj
 0001:00016c98       ?force_decimal_point@__crt_stdio_output@@YAXPEADQEAU__crt_locale_pointers@@@Z 0000000180017c98 f i libucrt:output.obj
 0001:00016d08       ?parse_int_from_format_string@?$output_processor@DV?$string_output_adapter@D@__crt_stdio_output@@V?$standard_base@DV?$string_output_adapter@D@__crt_stdio_output@@@2@@__crt_stdio_output@@AEAA_NQEAH@Z 0000000180017d08 f i libucrt:output.obj
 0001:00016dac       ?parse_int_from_format_string@?$output_processor@_WV?$string_output_adapter@_W@__crt_stdio_output@@V?$standard_base@_WV?$string_output_adapter@_W@__crt_stdio_output@@@2@@__crt_stdio_output@@AEAA_NQEAH@Z 0000000180017dac f i libucrt:output.obj
 0001:00016dac       ?parse_int_from_format_string@?$output_processor@_WV?$stream_output_adapter@_W@__crt_stdio_output@@V?$standard_base@_WV?$stream_output_adapter@_W@__crt_stdio_output@@@2@@__crt_stdio_output@@AEAA_NQEAH@Z 0000000180017dac f i libucrt:output.obj
 0001:00016e50       ?process@?$output_processor@DV?$string_output_adapter@D@__crt_stdio_output@@V?$standard_base@DV?$string_output_adapter@D@__crt_stdio_output@@@2@@__crt_stdio_output@@QEAAHXZ 0000000180017e50 f i libucrt:output.obj
 0001:0001705c       ?process@?$output_processor@_WV?$stream_output_adapter@_W@__crt_stdio_output@@V?$standard_base@_WV?$stream_output_adapter@_W@__crt_stdio_output@@@2@@__crt_stdio_output@@QEAAHXZ 000000018001805c f i libucrt:output.obj
 0001:000172c8       ?process@?$output_processor@_WV?$string_output_adapter@_W@__crt_stdio_output@@V?$standard_base@_WV?$string_output_adapter@_W@__crt_stdio_output@@@2@@__crt_stdio_output@@QEAAHXZ 00000001800182c8 f i libucrt:output.obj
 0001:00017544       ?state_case_normal@?$output_processor@DV?$string_output_adapter@D@__crt_stdio_output@@V?$standard_base@DV?$string_output_adapter@D@__crt_stdio_output@@@2@@__crt_stdio_output@@AEAA_NXZ 0000000180018544 f i libucrt:output.obj
 0001:000175b8       ?state_case_normal_tchar@?$output_processor@DV?$string_output_adapter@D@__crt_stdio_output@@V?$standard_base@DV?$string_output_adapter@D@__crt_stdio_output@@@2@@__crt_stdio_output@@AEAA_ND@Z 00000001800185b8 f i libucrt:output.obj
 0001:00017660       ?state_case_size@?$output_processor@DV?$string_output_adapter@D@__crt_stdio_output@@V?$standard_base@DV?$string_output_adapter@D@__crt_stdio_output@@@2@@__crt_stdio_output@@AEAA_NXZ 0000000180018660 f i libucrt:output.obj
 0001:000177d4       ?state_case_size@?$output_processor@_WV?$stream_output_adapter@_W@__crt_stdio_output@@V?$standard_base@_WV?$stream_output_adapter@_W@__crt_stdio_output@@@2@@__crt_stdio_output@@AEAA_NXZ 00000001800187d4 f i libucrt:output.obj
 0001:0001796c       ?state_case_size@?$output_processor@_WV?$string_output_adapter@_W@__crt_stdio_output@@V?$standard_base@_WV?$string_output_adapter@_W@__crt_stdio_output@@@2@@__crt_stdio_output@@AEAA_NXZ 000000018001896c f i libucrt:output.obj
 0001:00017b04       ?state_case_type@?$output_processor@DV?$string_output_adapter@D@__crt_stdio_output@@V?$standard_base@DV?$string_output_adapter@D@__crt_stdio_output@@@2@@__crt_stdio_output@@AEAA_NXZ 0000000180018b04 f i libucrt:output.obj
 0001:00017d6c       ?state_case_type@?$output_processor@_WV?$stream_output_adapter@_W@__crt_stdio_output@@V?$standard_base@_WV?$stream_output_adapter@_W@__crt_stdio_output@@@2@@__crt_stdio_output@@AEAA_NXZ 0000000180018d6c f i libucrt:output.obj
 0001:0001804c       ?state_case_type@?$output_processor@_WV?$string_output_adapter@_W@__crt_stdio_output@@V?$standard_base@_WV?$string_output_adapter@_W@__crt_stdio_output@@@2@@__crt_stdio_output@@AEAA_NXZ 000000018001904c f i libucrt:output.obj
 0001:00018318       ?type_case_Z@?$output_processor@DV?$string_output_adapter@D@__crt_stdio_output@@V?$standard_base@DV?$string_output_adapter@D@__crt_stdio_output@@@2@@__crt_stdio_output@@AEAA_NXZ 0000000180019318 f i libucrt:output.obj
 0001:00018390       ?type_case_Z@?$output_processor@_WV?$string_output_adapter@_W@__crt_stdio_output@@V?$standard_base@_WV?$string_output_adapter@_W@__crt_stdio_output@@@2@@__crt_stdio_output@@AEAA_NXZ 0000000180019390 f i libucrt:output.obj
 0001:00018390       ?type_case_Z@?$output_processor@_WV?$stream_output_adapter@_W@__crt_stdio_output@@V?$standard_base@_WV?$stream_output_adapter@_W@__crt_stdio_output@@@2@@__crt_stdio_output@@AEAA_NXZ 0000000180019390 f i libucrt:output.obj
 0001:0001840c       ?type_case_a@?$output_processor@DV?$string_output_adapter@D@__crt_stdio_output@@V?$standard_base@DV?$string_output_adapter@D@__crt_stdio_output@@@2@@__crt_stdio_output@@AEAA_NXZ 000000018001940c f i libucrt:output.obj
 0001:000185c8       ?type_case_a@?$output_processor@_WV?$stream_output_adapter@_W@__crt_stdio_output@@V?$standard_base@_WV?$stream_output_adapter@_W@__crt_stdio_output@@@2@@__crt_stdio_output@@AEAA_NXZ 00000001800195c8 f i libucrt:output.obj
 0001:000185c8       ?type_case_a@?$output_processor@_WV?$string_output_adapter@_W@__crt_stdio_output@@V?$standard_base@_WV?$string_output_adapter@_W@__crt_stdio_output@@@2@@__crt_stdio_output@@AEAA_NXZ 00000001800195c8 f i libucrt:output.obj
 0001:000187a8       ?type_case_c_tchar@?$output_processor@DV?$string_output_adapter@D@__crt_stdio_output@@V?$standard_base@DV?$string_output_adapter@D@__crt_stdio_output@@@2@@__crt_stdio_output@@AEAA_ND@Z 00000001800197a8 f i libucrt:output.obj
 0001:00018864       ?type_case_c_tchar@?$output_processor@_WV?$stream_output_adapter@_W@__crt_stdio_output@@V?$standard_base@_WV?$stream_output_adapter@_W@__crt_stdio_output@@@2@@__crt_stdio_output@@AEAA_N_W@Z 0000000180019864 f i libucrt:output.obj
 0001:00018864       ?type_case_c_tchar@?$output_processor@_WV?$string_output_adapter@_W@__crt_stdio_output@@V?$standard_base@_WV?$string_output_adapter@_W@__crt_stdio_output@@@2@@__crt_stdio_output@@AEAA_N_W@Z 0000000180019864 f i libucrt:output.obj
 0001:0001890c       ?type_case_integer@?$output_processor@DV?$string_output_adapter@D@__crt_stdio_output@@V?$standard_base@DV?$string_output_adapter@D@__crt_stdio_output@@@2@@__crt_stdio_output@@AEAA_NI_N@Z 000000018001990c f i libucrt:output.obj
 0001:00018ad4       ?type_case_integer@?$output_processor@_WV?$stream_output_adapter@_W@__crt_stdio_output@@V?$standard_base@_WV?$stream_output_adapter@_W@__crt_stdio_output@@@2@@__crt_stdio_output@@AEAA_NI_N@Z 0000000180019ad4 f i libucrt:output.obj
 0001:00018ad4       ?type_case_integer@?$output_processor@_WV?$string_output_adapter@_W@__crt_stdio_output@@V?$standard_base@_WV?$string_output_adapter@_W@__crt_stdio_output@@@2@@__crt_stdio_output@@AEAA_NI_N@Z 0000000180019ad4 f i libucrt:output.obj
 0001:00018ca0       ?type_case_n@?$output_processor@DV?$string_output_adapter@D@__crt_stdio_output@@V?$standard_base@DV?$string_output_adapter@D@__crt_stdio_output@@@2@@__crt_stdio_output@@AEAA_NXZ 0000000180019ca0 f i libucrt:output.obj
 0001:00018ca0       ?type_case_n@?$output_processor@_WV?$string_output_adapter@_W@__crt_stdio_output@@V?$standard_base@_WV?$string_output_adapter@_W@__crt_stdio_output@@@2@@__crt_stdio_output@@AEAA_NXZ 0000000180019ca0 f i libucrt:output.obj
 0001:00018ca0       ?type_case_n@?$output_processor@_WV?$stream_output_adapter@_W@__crt_stdio_output@@V?$standard_base@_WV?$stream_output_adapter@_W@__crt_stdio_output@@@2@@__crt_stdio_output@@AEAA_NXZ 0000000180019ca0 f i libucrt:output.obj
 0001:00018d7c       ?type_case_s@?$output_processor@DV?$string_output_adapter@D@__crt_stdio_output@@V?$standard_base@DV?$string_output_adapter@D@__crt_stdio_output@@@2@@__crt_stdio_output@@AEAA_NXZ 0000000180019d7c f i libucrt:output.obj
 0001:00018e14       ?type_case_s@?$output_processor@_WV?$stream_output_adapter@_W@__crt_stdio_output@@V?$standard_base@_WV?$stream_output_adapter@_W@__crt_stdio_output@@@2@@__crt_stdio_output@@AEAA_NXZ 0000000180019e14 f i libucrt:output.obj
 0001:00018e14       ?type_case_s@?$output_processor@_WV?$string_output_adapter@_W@__crt_stdio_output@@V?$standard_base@_WV?$string_output_adapter@_W@__crt_stdio_output@@@2@@__crt_stdio_output@@AEAA_NXZ 0000000180019e14 f i libucrt:output.obj
 0001:00018edc       ?write_stored_string_tchar@?$output_processor@DV?$string_output_adapter@D@__crt_stdio_output@@V?$standard_base@DV?$string_output_adapter@D@__crt_stdio_output@@@2@@__crt_stdio_output@@AEAA_ND@Z 0000000180019edc f i libucrt:output.obj
 0001:00018fb4       ?write_stored_string_tchar@?$output_processor@_WV?$stream_output_adapter@_W@__crt_stdio_output@@V?$standard_base@_WV?$stream_output_adapter@_W@__crt_stdio_output@@@2@@__crt_stdio_output@@AEAA_N_W@Z 0000000180019fb4 f i libucrt:output.obj
 0001:000190bc       ?write_stored_string_tchar@?$output_processor@_WV?$string_output_adapter@_W@__crt_stdio_output@@V?$standard_base@_WV?$string_output_adapter@_W@__crt_stdio_output@@@2@@__crt_stdio_output@@AEAA_N_W@Z 000000018001a0bc f i libucrt:output.obj
 0001:000191a8       ?write_string@?$string_output_adapter@D@__crt_stdio_output@@QEBAXQEBDHQEAHAEAV__crt_deferred_errno_cache@@@Z 000000018001a1a8 f i libucrt:output.obj
 0001:0001924c       ?write_string@?$string_output_adapter@_W@__crt_stdio_output@@QEBAXQEB_WHQEAHAEAV__crt_deferred_errno_cache@@@Z 000000018001a24c f i libucrt:output.obj
 0001:000192f4       ?write_string_impl@?$output_adapter_common@_WV?$stream_output_adapter@_W@__crt_stdio_output@@@__crt_stdio_output@@IEBAXQEB_WHQEAHAEAV__crt_deferred_errno_cache@@@Z 000000018001a2f4 f i libucrt:output.obj
 0001:000193f8       __stdio_common_vfwprintf   000000018001a3f8 f   libucrt:output.obj
 0001:00019484       __stdio_common_vsprintf    000000018001a484 f   libucrt:output.obj
 0001:0001948c       __stdio_common_vswprintf   000000018001a48c f   libucrt:output.obj
 0001:00019550       fopen                      000000018001a550 f   libucrt:fopen.obj
 0001:0001955c       _fclose_nolock             000000018001a55c f   libucrt:fclose.obj
 0001:000195e0       fclose                     000000018001a5e0 f   libucrt:fclose.obj
 0001:0001984c       fseek                      000000018001a84c f   libucrt:fseek.obj
 0001:00019854       _fread_nolock_s            000000018001a854 f   libucrt:fread.obj
 0001:00019ae4       fread                      000000018001aae4 f   libucrt:fread.obj
 0001:00019b04       fread_s                    000000018001ab04 f   libucrt:fread.obj
 0001:00019bac       __ascii_stricmp            000000018001abac f   libucrt:stricmp.obj
 0001:00019bec       _stricmp                   000000018001abec f   libucrt:stricmp.obj
 0001:00019c34       _stricmp_l                 000000018001ac34 f   libucrt:stricmp.obj
 0001:00019ce8       __acrt_initialize_new_handler 000000018001ace8 f   libucrt:new_handler.obj
 0001:00019cf0       _callnewh                  000000018001acf0 f   libucrt:new_handler.obj
 0001:00019d20       _query_new_handler         000000018001ad20 f   libucrt:new_handler.obj
 0001:00019d54       _seh_filter_dll            000000018001ad54 f   libucrt:exception_filter.obj
 0001:00019d68       _seh_filter_exe            000000018001ad68 f   libucrt:exception_filter.obj
 0001:0001a158       __acrt_initialize_thread_local_exit_callback 000000018001b158 f   libucrt:exit.obj
 0001:0001a160       _cexit                     000000018001b160 f   libucrt:exit.obj
 0001:0001a170       _exit                      000000018001b170 f   libucrt:exit.obj
 0001:0001a17c       _is_c_termination_complete 000000018001b17c f   libucrt:exit.obj
 0001:0001a348       __acrt_allocate_buffer_for_argv 000000018001b348 f   libucrt:argv_parsing.obj
 0001:0001a3a8       _configure_narrow_argv     000000018001b3a8 f   libucrt:argv_parsing.obj
 0001:0001a720       __dcrt_uninitialize_environments_nolock 000000018001b720 f   libucrt:environment_initialization.obj
 0001:0001a758       _initialize_narrow_environment 000000018001b758 f   libucrt:environment_initialization.obj
 0001:0001aaa0       _crt_atexit                000000018001baa0 f   libucrt:onexit.obj
 0001:0001aab0       _execute_onexit_table      000000018001bab0 f   libucrt:onexit.obj
 0001:0001aaec       _initialize_onexit_table   000000018001baec f   libucrt:onexit.obj
 0001:0001ab14       _register_onexit_function  000000018001bb14 f   libucrt:onexit.obj
 0001:0001ab94       __acrt_uninitialize_command_line 000000018001bb94 f   libucrt:argv_data.obj
 0001:0001ac8c       __acrt_initialize          000000018001bc8c f   libucrt:initialization.obj
 0001:0001aca0       __acrt_thread_attach       000000018001bca0 f   libucrt:initialization.obj
 0001:0001acb4       __acrt_thread_detach       000000018001bcb4 f   libucrt:initialization.obj
 0001:0001acc4       __acrt_uninitialize        000000018001bcc4 f   libucrt:initialization.obj
 0001:0001acfc       __acrt_uninitialize_critical 000000018001bcfc f   libucrt:initialization.obj
 0001:0001ad0c       _initterm                  000000018001bd0c f   libucrt:initterm.obj
 0001:0001ad70       _initterm_e                000000018001bd70 f   libucrt:initterm.obj
 0001:0001adb0       terminate                  000000018001bdb0 f   libucrt:terminate.obj
 0001:0001add0       _strdup                    000000018001bdd0 f   libucrt:strdup.obj
 0001:0001add0       strdup                     000000018001bdd0 f   libucrt:strdup.obj
 0001:0001ae48       strcpy_s                   000000018001be48 f   libucrt:strcpy_s.obj
 0001:0001aea8       abort                      000000018001bea8 f   libucrt:abort.obj
 0001:0001af00       calloc                     000000018001bf00 f   libucrt:calloc.obj
 0001:0001af08       wcsncmp                    000000018001bf08 f   libucrt:wcsncmp.obj
 0001:0001af34       ??$parse_integer@KV?$c_string_character_source@D@__crt_strtox@@@__crt_strtox@@YAKQEAU__crt_locale_pointers@@V?$c_string_character_source@D@0@H_N@Z 000000018001bf34 f i libucrt:atox.obj
 0001:0001b270       ??$parse_integer@KV?$c_string_character_source@_W@__crt_strtox@@@__crt_strtox@@YAKQEAU__crt_locale_pointers@@V?$c_string_character_source@_W@0@H_N@Z 000000018001c270 f i libucrt:atox.obj
 0001:0001b940       strncmp                    000000018001c940 f   libucrt:strncmp.obj
 0001:0001b9c0       _realloc_base              000000018001c9c0 f   libucrt:realloc_base.obj
 0001:0001ba3c       _free_base                 000000018001ca3c f   libucrt:free_base.obj
 0001:0001ba7c       _query_app_type            000000018001ca7c f   libucrt:report_runtime_error.obj
 0001:0001ba84       __acrt_errno_from_os_error 000000018001ca84 f   libucrt:errno.obj
 0001:0001bacc       __acrt_errno_map_os_error  000000018001cacc f   libucrt:errno.obj
 0001:0001bb1c       __doserrno                 000000018001cb1c f   libucrt:errno.obj
 0001:0001bb3c       _errno                     000000018001cb3c f   libucrt:errno.obj
 0001:0001bc9c       _itow_s                    000000018001cc9c f   libucrt:xtoa.obj
 0001:0001bcbc       _set_error_mode            000000018001ccbc f   libucrt:set_error_mode.obj
 0001:0001bcfc       wcscat_s                   000000018001ccfc f   libucrt:wcscat_s.obj
 0001:0001bd7c       wcscpy_s                   000000018001cd7c f   libucrt:wcscpy_s.obj
 0001:0001bde4       wcsncat_s                  000000018001cde4 f   libucrt:wcsncat_s.obj
 0001:0001bee4       ??$__acrt_wcs_to_mbs_cp@U__crt_win32_buffer_no_resizing@@@@YAHQEB_WAEAV?$__crt_win32_buffer@DU__crt_win32_buffer_no_resizing@@@@I@Z 000000018001cee4 f i libucrt:getmodulefilenamea.obj
 0001:0001bff8       __acrt_GetModuleFileNameA  000000018001cff8 f   libucrt:getmodulefilenamea.obj
 0001:0001c118       __acrt_show_wide_message_box 000000018001d118 f   libucrt:crtmbox.obj
 0001:0001c3d8       __acrt_stdio_flush_nolock  000000018001d3d8 f   libucrt:fflush.obj
 0001:0001c454       _fflush_nolock             000000018001d454 f   libucrt:fflush.obj
 0001:0001c4a0       _flushall                  000000018001d4a0 f   libucrt:fflush.obj
 0001:0001c4a8       fflush                     000000018001d4a8 f   libucrt:fflush.obj
 0001:0001c630       setvbuf                    000000018001d630 f   libucrt:setvbuf.obj
 0001:0001c714       __acrt_get_sigabrt_handler 000000018001d714 f   libucrt:signal.obj
 0001:0001c744       __acrt_initialize_signal_handlers 000000018001d744 f   libucrt:signal.obj
 0001:0001c764       raise                      000000018001d764 f   libucrt:signal.obj
 0001:0001c9d0       _malloc_base               000000018001d9d0 f   libucrt:malloc_base.obj
 0001:0001cb54       _handle_error              000000018001db54 f   libucrt:libm_error.obj
 0001:0001cc7c       _handle_errorf             000000018001dc7c f   libucrt:libm_error.obj
 0001:0001cdb0       _handle_nan                000000018001ddb0 f   libucrt:libm_error.obj
 0001:0001cdcc       _handle_nanf               000000018001ddcc f   libucrt:libm_error.obj
 0001:0001d154       __acrt_freeptd             000000018001e154 f   libucrt:per_thread_data.obj
 0001:0001d198       __acrt_getptd              000000018001e198 f   libucrt:per_thread_data.obj
 0001:0001d26c       __acrt_getptd_head         000000018001e26c f   libucrt:per_thread_data.obj
 0001:0001d314       __acrt_getptd_noexit       000000018001e314 f   libucrt:per_thread_data.obj
 0001:0001d3e0       __acrt_initialize_ptd      000000018001e3e0 f   libucrt:per_thread_data.obj
 0001:0001d41c       __acrt_uninitialize_ptd    000000018001e41c f   libucrt:per_thread_data.obj
 0001:0001d440       _calloc_base               000000018001e440 f   libucrt:calloc_base.obj
 0001:0001d690       __acrt_AppPolicyGetProcessTerminationMethodInternal 000000018001e690 f   libucrt:winapi_thunks.obj
 0001:0001d6e0       __acrt_AppPolicyGetShowDeveloperDiagnosticInternal 000000018001e6e0 f   libucrt:winapi_thunks.obj
 0001:0001d730       __acrt_AppPolicyGetWindowingModelInternal 000000018001e730 f   libucrt:winapi_thunks.obj
 0001:0001d780       __acrt_AreFileApisANSI     000000018001e780 f   libucrt:winapi_thunks.obj
 0001:0001d7bc       __acrt_FlsAlloc            000000018001e7bc f   libucrt:winapi_thunks.obj
 0001:0001d804       __acrt_FlsFree             000000018001e804 f   libucrt:winapi_thunks.obj
 0001:0001d84c       __acrt_FlsGetValue         000000018001e84c f   libucrt:winapi_thunks.obj
 0001:0001d894       __acrt_FlsSetValue         000000018001e894 f   libucrt:winapi_thunks.obj
 0001:0001d8e8       __acrt_InitializeCriticalSectionEx 000000018001e8e8 f   libucrt:winapi_thunks.obj
 0001:0001d94c       __acrt_LCMapStringEx       000000018001e94c f   libucrt:winapi_thunks.obj
 0001:0001da28       __acrt_LocaleNameToLCID    000000018001ea28 f   libucrt:winapi_thunks.obj
 0001:0001da78       __acrt_MessageBoxW         000000018001ea78 f   libucrt:winapi_thunks.obj
 0001:0001daec       __acrt_can_show_message_box 000000018001eaec f   libucrt:winapi_thunks.obj
 0001:0001db5c       __acrt_get_parent_window   000000018001eb5c f   libucrt:winapi_thunks.obj
 0001:0001dbd4       __acrt_initialize_winapi_thunks 000000018001ebd4 f   libucrt:winapi_thunks.obj
 0001:0001dc08       __acrt_is_interactive      000000018001ec08 f   libucrt:winapi_thunks.obj
 0001:0001dcd0       __acrt_uninitialize_winapi_thunks 000000018001ecd0 f   libucrt:winapi_thunks.obj
 0001:0001dd14       _fcloseall                 000000018001ed14 f   libucrt:closeall.obj
 0001:0001ddc8       __acrt_stdio_free_buffer_nolock 000000018001edc8 f   libucrt:_freebuf.obj
 0001:0001e004       __acrt_initialize_lowio    000000018001f004 f   libucrt:ioinit.obj
 0001:0001e040       __acrt_uninitialize_lowio  000000018001f040 f   libucrt:ioinit.obj
 0001:0001e080       isdigit                    000000018001f080 f i libucrt:_ctype.obj
 0001:0001e174       _tolower_l                 000000018001f174 f   libucrt:tolower_toupper.obj
 0001:0001e2b4       tolower                    000000018001f2b4 f   libucrt:tolower_toupper.obj
 0001:0001e2e0       strtol                     000000018001f2e0 f   libucrt:strtox.obj
 0001:0001e30c       wcstol                     000000018001f30c f   libucrt:strtox.obj
[...]
 0004:00001e78       $pdata$__acrt_fp_strflt_to_string 0000000180045e78     libucrt:_fptostr.obj
 0004:00001e84       $pdata$?divide@__crt_strtox@@YA_KAEAUbig_integer@1@AEBU21@@Z 0000000180045e84     libucrt:cfout.obj
 0004:00001e90       $pdata$0$?divide@__crt_strtox@@YA_KAEAUbig_integer@1@AEBU21@@Z 0000000180045e90     libucrt:cfout.obj
 0004:00001e9c       $pdata$1$?divide@__crt_strtox@@YA_KAEAUbig_integer@1@AEBU21@@Z 0000000180045e9c     libucrt:cfout.obj
 0004:00001ea8       $pdata$__acrt_fltout       0000000180045ea8     libucrt:cfout.obj
 0004:00001eb4       $pdata$memcpy_s            0000000180045eb4     libucrt:cfout.obj
 0004:00001ec0       $pdata$??$write_buffer_nolock@D@@YA_NDV__crt_stdio_stream@@@Z 0000000180045ec0     libucrt:_flsbuf.obj
 0004:00001ecc       $pdata$??$write_buffer_nolock@_W@@YA_N_WV__crt_stdio_stream@@@Z 0000000180045ecc     libucrt:_flsbuf.obj
 0004:00001ed8       $pdata$?stream_is_at_end_of_file_nolock@@YA_NV__crt_stdio_stream@@@Z 0000000180045ed8     libucrt:_flsbuf.obj
 0004:00001ee4       $pdata$__acrt_stdio_flush_and_write_narrow_nolock 0000000180045ee4     libucrt:_flsbuf.obj
 0004:00001ef0       $pdata$__acrt_stdio_flush_and_write_wide_nolock 0000000180045ef0     libucrt:_flsbuf.obj
 0004:00001efc       $pdata$_isatty             0000000180045efc     libucrt:isatty.obj
 0004:00001f08       $pdata$__acrt_locale_free_monetary 0000000180045f08     libucrt:initmon.obj
 0004:00001f14       $pdata$__acrt_locale_free_numeric 0000000180045f14     libucrt:initnum.obj
 0004:00001f20       $pdata$?free_crt_array_internal@@YAXQEAPEBX_K@Z 0000000180045f20     libucrt:inittime.obj
 0004:00001f2c       $pdata$__acrt_locale_free_time 0000000180045f2c     libucrt:inittime.obj
 0004:00001f38       $pdata$__acrt_GetStringTypeA 0000000180045f38     libucrt:getstringtypea.obj
 0004:00001f44       $pdata$__ascii_strnicmp    0000000180045f44     libucrt:strnicmp.obj
 0004:00001f50       $pdata$_strnicmp           0000000180045f50     libucrt:strnicmp.obj
 0004:00001f5c       $pdata$_strnicmp_l         0000000180045f5c     libucrt:strnicmp.obj
 0004:00001f68       $pdata$??$common_sopen_dispatch@D@@YAHQEBDHHHQEAHH@Z 0000000180045f68     libucrt:open.obj
 0004:00001f74       $pdata$?configure_text_mode@@YAHHUfile_options@?A0xa9d50aae@@HAEAW4__crt_lowio_text_mode@@@Z 0000000180045f74     libucrt:open.obj
 0004:00001f80       $pdata$?decode_options@@YA?AUfile_options@?A0xa9d50aae@@HHH@Z 0000000180045f80     libucrt:open.obj
 0004:00001f8c       $pdata$?truncate_ctrl_z_if_present@@YAHH@Z 0000000180045f8c     libucrt:open.obj
 0004:00001f98       $pdata$_sopen_nolock       0000000180045f98     libucrt:open.obj
 0004:00001fa4       $pdata$_sopen_s            0000000180045fa4     libucrt:open.obj
 0004:00001fb0       $pdata$_wsopen_nolock      0000000180045fb0     libucrt:open.obj
 0004:00001fbc       $pdata$__acrt_stdio_allocate_buffer_nolock 0000000180045fbc     libucrt:_getbuf.obj
 0004:00001fc8       $pdata$qsort               0000000180045fc8     libucrt:qsort.obj
 0004:00001fd4       $pdata$4$qsort             0000000180045fd4     libucrt:qsort.obj
 0004:00001fe0       $pdata$5$qsort             0000000180045fe0     libucrt:qsort.obj
 0004:00001fec       $pdata$strncpy_s           0000000180045fec     libucrt:strncpy_s.obj
 0004:00001ff8       $pdata$fallbackMethod      0000000180045ff8     libucrt:strpbrk.obj
 0004:00002004       $pdata$strpbrk             0000000180046004     libucrt:strpbrk.obj
 0004:00002010       $pdata$_mbsdec_l           0000000180046010     libucrt:mbsdec.obj
 0004:0000201c       $pdata$?initialize_multibyte@@YAHXZ 000000018004601c     libucrt:multibyte_initializer.obj
 0004:00002028       $pdata$_msize_base         0000000180046028     libucrt:msize.obj
 0004:00002034       $pdata$_putwch_nolock      0000000180046034     libucrt:putwch.obj
 0004:0000204c       $pdata$?__mbrtoc32_utf8@__crt_mbstring@@YA_KPEA_UPEBD_KPEAU_Mbstatet@@@Z 000000018004604c     libucrt:mbrtoc32.obj
 0004:00002058       $pdata$fegetenv            0000000180046058     libucrt:fegetenv.obj
 0004:00002064       $pdata$fesetenv            0000000180046064     libucrt:fesetenv.obj
 0004:00002070       $pdata$feholdexcept        0000000180046070     libucrt:feholdexcept.obj
 0004:00002088       $pdata$_get_fmode          0000000180046088     libucrt:setmode.obj
 0004:00002094       $pdata$_setmode_nolock     0000000180046094     libucrt:setmode.obj
 0004:000020a0       $pdata$_chsize_nolock      00000001800460a0     libucrt:chsize.obj
 0004:000020ac       $pdata$__dcrt_lowio_ensure_console_output_initialized 00000001800460ac     libucrt:initcon.obj
 0004:000020b8       $pdata$__dcrt_terminate_console_output 00000001800460b8     libucrt:initcon.obj
 0004:000020c4       $pdata$__dcrt_write_console 00000001800460c4     libucrt:initcon.obj
 0004:000020d0       $pdata$__acrt_fenv_set_control 00000001800460d0     libucrt:_fenvutils.obj
 0004:000020dc       $pdata$_clearfp            00000001800460dc     libucrt:ieee.obj
 0004:000020e8       $pdata$__acrt_initialize_fma3 00000001800460e8     libucrt:fma3_available.obj
 0004:000020f4       $pdata$_log10_special      00000001800460f4     libucrt:log_special.obj
 0004:00002100       $pdata$_log_special_common 0000000180046100     libucrt:log_special.obj
 0004:0000210c       $pdata$?DloadAcquireSectionWriteAccess@@YAXXZ 000000018004610c     DelayImp:delayhlp.obj
 0004:00002118       $pdata$?DloadGetSRWLockFunctionPointers@@YAEXZ 0000000180046118     DelayImp:delayhlp.obj
 0004:00002124       $pdata$?DloadMakePermanentImageCommit@@YAXPEAX_K@Z 0000000180046124     DelayImp:delayhlp.obj
 0004:00002130       $pdata$?DloadObtainSection@@YAPEAXPEAK0@Z 0000000180046130     DelayImp:delayhlp.obj
 0004:0000213c       $pdata$?DloadProtectSection@@YAXKPEAK@Z 000000018004613c     DelayImp:delayhlp.obj
 0004:00002148       $pdata$?DloadReleaseSectionWriteAccess@@YAXXZ 0000000180046148     DelayImp:delayhlp.obj
 0004:00002154       $pdata$__delayLoadHelper2  0000000180046154     DelayImp:delayhlp.obj
 0004:00002160       $pdata$__GSHandlerCheck    0000000180046160     LIBCMT:gshandler.obj
 0004:0000216c       $pdata$__GSHandlerCheckCommon 000000018004616c     LIBCMT:gshandler.obj
 0004:00002178       $pdata$_IsNonwritableInCurrentImage 0000000180046178     LIBCMT:pesect.obj
 0004:00002190       $pdata$strrchr             0000000180046190     libvcruntime:strrchr.obj
 0004:000021a8       $pdata$__GSHandlerCheck_EH 00000001800461a8     LIBCMT:gshandlereh.obj
 0004:000021b4       $pdata$acos                00000001800461b4     libucrt:acos.obj
 0004:000021c0       $pdata$acosf               00000001800461c0     libucrt:acosf.obj
 0004:000021cc       $pdata$fmodf               00000001800461cc     libucrt:fmodf.obj
 0004:000021d8       $pdata$sqrtf               00000001800461d8     libucrt:sqrtf.obj
 0004:00002208       $pdata$_sincos_special     0000000180046208     libucrt:sincos_special.obj
 0004:00002274       $pdata$?dtor$2@?0??New@Canvas@@SAXAEBV?$FunctionCallbackInfo@VValue@v8@@@Nan@@@Z@4HA 0000000180046274     Canvas.obj
 0004:00002280       $pdata$?dtor$0@?0??ToBuffer@Canvas@@SAXAEBV?$FunctionCallbackInfo@VValue@v8@@@Nan@@@Z@4HA 0000000180046280     Canvas.obj
 0004:0000228c       $pdata$?dtor$0@?0??New@Gradient@@SAXAEBV?$FunctionCallbackInfo@VValue@v8@@@Nan@@@Z@4HA 000000018004628c     CanvasGradient.obj
 0004:00002298       $pdata$?dtor$1@?0??New@Gradient@@SAXAEBV?$FunctionCallbackInfo@VValue@v8@@@Nan@@@Z@4HA 0000000180046298     CanvasGradient.obj
 0004:000022a4       $pdata$?dtor$0@?0??SetOnerror@Image@@SAXV?$Local@VString@v8@@@v8@@V?$Local@VValue@v8@@@3@AEBV?$PropertyCallbackInfo@X@Nan@@@Z@4HA 00000001800462a4     Image.obj
 0004:000022a4       $pdata$?dtor$0@?0??SetOnload@Image@@SAXV?$Local@VString@v8@@@v8@@V?$Local@VValue@v8@@@3@AEBV?$PropertyCallbackInfo@X@Nan@@@Z@4HA 00000001800462a4     Image.obj
 0004:000022b0       $pdata$__scrt_is_nonwritable_in_current_image$filt$0 00000001800462b0     LIBCMT:utility.obj
 0004:000022bc       $pdata$?fin$0@?0??dllmain_crt_process_attach@@YAHQEAUHINSTANCE__@@QEAX@Z@4HA 00000001800462bc     LIBCMT:dll_dllmain.obj
 0004:000022c8       $pdata$?fin$0@?0??dllmain_crt_process_detach@@YAH_N@Z@4HA 00000001800462c8     LIBCMT:dll_dllmain.obj
 0004:000022d4       $pdata$?filt$0@?0??dllmain_dispatch@@YAHQEAUHINSTANCE__@@KQEAX@Z@4HA 00000001800462d4     LIBCMT:dll_dllmain.obj
 0004:000022e0       $pdata$?filt$0@?0???$_CallSETranslator@V__FrameHandler3@@@@YAHPEAUEHExceptionRecord@@PEA_KPEAU_CONTEXT@@PEAU_xDISPATCHER_CONTEXT@@PEBU_s_FuncInfo@@K1@Z@4HA 00000001800462e0     libvcruntime:risctrnsctrl.obj
 0004:000022ec       $pdata$__DestructExceptionObject$filt$0 00000001800462ec     libvcruntime:ehhelpers.obj
 0004:000022f8       $pdata$?filt$0@?0??CxxCallCatchBlock@__FrameHandler3@@SAPEAXPEAU_EXCEPTION_RECORD@@@Z@4HA 00000001800462f8     libvcruntime:frame.obj
 0004:00002304       $pdata$?fin$1@?0??CxxCallCatchBlock@__FrameHandler3@@SAPEAXPEAU_EXCEPTION_RECORD@@@Z@4HA 0000000180046304     libvcruntime:frame.obj
 0004:00002310       $pdata$?filt$0@?0??FrameUnwindToState@__FrameHandler3@@SAXPEA_KPEAU_xDISPATCHER_CONTEXT@@PEBU_s_FuncInfo@@H@Z@4HA 0000000180046310     libvcruntime:frame.obj
 0004:0000231c       $pdata$?fin$1@?0??FrameUnwindToState@__FrameHandler3@@SAXPEA_KPEAU_xDISPATCHER_CONTEXT@@PEBU_s_FuncInfo@@H@Z@4HA 000000018004631c     libvcruntime:frame.obj
 0004:00002328       $pdata$?fin$0@?0???$?RV<lambda_842d9ff0dc9ef11c61343bbaebe7f885>@@AEAV<lambda_c5860995281e5c4ce005b3de8f5874ee>@@V<lambda_d90129c13df834fdcbf8d2b88dafcf2d>@@@?$__crt_seh_guarded_call@X@@QEAAX$$QEAV<lambda_842d9ff0dc9ef11c61343bbaebe7f885>@@AEAV<lambda_c5860995281e5c4ce005b3de8f5874ee>@@$$QEAV<lambda_d90129c13df834fdcbf8d2b88dafcf2d>@@@Z@4HA 0000000180046328     libucrt:fflush.obj
 0004:00002328       $pdata$?fin$0@?0???$?RV<lambda_84ec643ea9557e2f7dc01bb0e9624395>@@AEAV<lambda_ca71763b3c0644891230e4f79ea54fa6>@@V<lambda_439a761618c59b0600e24586724d733b>@@@?$__crt_seh_guarded_call@H@@QEAAH$$QEAV<lambda_84ec643ea9557e2f7dc01bb0e9624395>@@AEAV<lambda_ca71763b3c0644891230e4f79ea54fa6>@@$$QEAV<lambda_439a761618c59b0600e24586724d733b>@@@Z@4HA 0000000180046328     libucrt:setvbuf.obj
 0004:00002328       $pdata$?fin$0@?0???$?RV<lambda_c376a267cfb53b6959b3b692ec76b120>@@AEAV<lambda_9a32fed5bf61b6b509b2d3f6003082a1>@@V<lambda_572fbb9fa0ab338edf41edfd4b5fcc8d>@@@?$__crt_seh_guarded_call@H@@QEAAH$$QEAV<lambda_c376a267cfb53b6959b3b692ec76b120>@@AEAV<lambda_9a32fed5bf61b6b509b2d3f6003082a1>@@$$QEAV<lambda_572fbb9fa0ab338edf41edfd4b5fcc8d>@@@Z@4HA 0000000180046328     libucrt:fflush.obj
 0004:00002328       $pdata$?fin$0@?0???$?RV<lambda_0d412022a4b28cc8a401ea49574e8ae6>@@AEAV<lambda_a775ed57af18ba8e4d5dc780aa9068fe>@@V<lambda_975a71a6baa488a08f4e15f6b0339b9e>@@@?$__crt_seh_guarded_call@H@@QEAAH$$QEAV<lambda_0d412022a4b28cc8a401ea49574e8ae6>@@AEAV<lambda_a775ed57af18ba8e4d5dc780aa9068fe>@@$$QEAV<lambda_975a71a6baa488a08f4e15f6b0339b9e>@@@Z@4HA 0000000180046328     libucrt:output.obj
 0004:00002334       $pdata$?fin$0@?0???$common_fsopen@D@@YAPEAU_iobuf@@QEBD0H@Z@4HA 0000000180046334     libucrt:fopen.obj
 0004:00002340       $pdata$fclose$fin$0        0000000180046340     libucrt:fclose.obj
 0004:00002340       $pdata$?fin$0@?0??common_fseek@@YAHV__crt_stdio_stream@@_JH@Z@4HA 0000000180046340     libucrt:fseek.obj
 0004:0000234c       $pdata$fread_s$fin$0       000000018004634c     libucrt:fread.obj
 0004:00002358       $pdata$_query_new_handler$fin$0 0000000180046358     libucrt:new_handler.obj
 0004:00002364       $pdata$?fin$0@?0???$?RV<lambda_d80eeec6fff315bfe5c115232f3240e3>@@AEAV<lambda_6e4b09c48022b2350581041d5f6b0c4c>@@V<lambda_2358e3775559c9db80273638284d5e45>@@@?$__crt_seh_guarded_call@X@@QEAAX$$QEAV<lambda_d80eeec6fff315bfe5c115232f3240e3>@@AEAV<lambda_6e4b09c48022b2350581041d5f6b0c4c>@@$$QEAV<lambda_2358e3775559c9db80273638284d5e45>@@@Z@4HA 0000000180046364     libucrt:exit.obj
 0004:00002364       $pdata$?fin$0@?0???$?RV<lambda_7777bce6b2f8c936911f934f8298dc43>@@AEAV<lambda_f03950bc5685219e0bcd2087efbe011e>@@V<lambda_3883c3dff614d5e0c5f61bb1ac94921c>@@@?$__crt_seh_guarded_call@H@@QEAAH$$QEAV<lambda_7777bce6b2f8c936911f934f8298dc43>@@AEAV<lambda_f03950bc5685219e0bcd2087efbe011e>@@$$QEAV<lambda_3883c3dff614d5e0c5f61bb1ac94921c>@@@Z@4HA 0000000180046364     libucrt:onexit.obj
 0004:00002364       $pdata$?fin$0@?0???$?RV<lambda_efdfa57d1f175319df784efa44bb7b81>@@AEAV<lambda_5f0a4c1567f8adc6734073e5d1e1b35c>@@V<lambda_2e8a7d3640ea6ccb4c2413664c2db6fd>@@@?$__crt_seh_guarded_call@X@@QEAAX$$QEAV<lambda_efdfa57d1f175319df784efa44bb7b81>@@AEAV<lambda_5f0a4c1567f8adc6734073e5d1e1b35c>@@$$QEAV<lambda_2e8a7d3640ea6ccb4c2413664c2db6fd>@@@Z@4HA 0000000180046364     libucrt:mbctype.obj
 0004:00002364       $pdata$?fin$0@?0???$?RV<lambda_f2e299630e499de9f9a165e60fcd3db5>@@AEAV<lambda_2ae9d31cdba2644fcbeaf08da7c24588>@@V<lambda_40d01ff24d0e7b3814fdbdcee8eab3c7>@@@?$__crt_seh_guarded_call@X@@QEAAX$$QEAV<lambda_f2e299630e499de9f9a165e60fcd3db5>@@AEAV<lambda_2ae9d31cdba2644fcbeaf08da7c24588>@@$$QEAV<lambda_40d01ff24d0e7b3814fdbdcee8eab3c7>@@@Z@4HA 0000000180046364     libucrt:per_thread_data.obj
 0004:00002364       $pdata$?fin$0@?0???$?RV<lambda_aa87e3671a710a21b5dc78c0bdf72e11>@@AEAV<lambda_92619d2358a28f41a33ba319515a20b9>@@V<lambda_6992ecaafeb10aed2b74cb1fae11a551>@@@?$__crt_seh_guarded_call@X@@QEAAX$$QEAV<lambda_aa87e3671a710a21b5dc78c0bdf72e11>@@AEAV<lambda_92619d2358a28f41a33ba319515a20b9>@@$$QEAV<lambda_6992ecaafeb10aed2b74cb1fae11a551>@@@Z@4HA 0000000180046364     libucrt:per_thread_data.obj
 0004:00002364       $pdata$?fin$0@?0???$?RV<lambda_0ae27a3a962d80f24befdcbee591983d>@@AEAV<lambda_8d0ee55de4b1038c4002e0adecdf1839>@@V<lambda_dc504788e8f1664fe9b84e20bfb512f2>@@@?$__crt_seh_guarded_call@X@@QEAAX$$QEAV<lambda_0ae27a3a962d80f24befdcbee591983d>@@AEAV<lambda_8d0ee55de4b1038c4002e0adecdf1839>@@$$QEAV<lambda_dc504788e8f1664fe9b84e20bfb512f2>@@@Z@4HA 0000000180046364     libucrt:per_thread_data.obj
 0004:00002364       $pdata$?fin$0@?0???$?RV<lambda_638799b9deba96c50f710eeac98168cd>@@AEAV<lambda_22ebabd17bc4fa466a2aca6d8deb888d>@@V<lambda_a6f7d7db0129f75315ebf26d50c089f1>@@@?$__crt_seh_guarded_call@H@@QEAAH$$QEAV<lambda_638799b9deba96c50f710eeac98168cd>@@AEAV<lambda_22ebabd17bc4fa466a2aca6d8deb888d>@@$$QEAV<lambda_a6f7d7db0129f75315ebf26d50c089f1>@@@Z@4HA 0000000180046364     libucrt:onexit.obj
 0004:00002364       $pdata$?fin$0@?0???$?RV<lambda_2d41944a1d46af3157314b8a01080d33>@@AEAV<lambda_8f455de75cd7d7f24b4096f044d8b9e6>@@V<lambda_aa500f224e6afead328df44964fe2772>@@@?$__crt_seh_guarded_call@X@@QEAAX$$QEAV<lambda_2d41944a1d46af3157314b8a01080d33>@@AEAV<lambda_8f455de75cd7d7f24b4096f044d8b9e6>@@$$QEAV<lambda_aa500f224e6afead328df44964fe2772>@@@Z@4HA 0000000180046364     libucrt:per_thread_data.obj
 0004:00002364       $pdata$?fin$0@?0???$?RV<lambda_450d765d439847d4c735a33c368b5fc0>@@AEAV<lambda_44731a7d0e6d81c3e6aa82d741081786>@@V<lambda_601a2a7da3b7a96e9554ac7215c4b07c>@@@?$__crt_seh_guarded_call@P6AXH@Z@@QEAAP6AXH@Z$$QEAV<lambda_450d765d439847d4c735a33c368b5fc0>@@AEAV<lambda_44731a7d0e6d81c3e6aa82d741081786>@@$$QEAV<lambda_601a2a7da3b7a96e9554ac7215c4b07c>@@@Z@4HA 0000000180046364     libucrt:signal.obj
 0004:00002370       $pdata$?filt$0@?0???R<lambda_6e4b09c48022b2350581041d5f6b0c4c>@@QEBA@XZ@4HA 0000000180046370     libucrt:exit.obj
 0004:0000237c       $pdata$?fin$0@?0???$?RV<lambda_886d6c58226a84441f68b9f2b8217b83>@@AEAV<lambda_ab61a845afdef5b7c387490eaf3616ee>@@V<lambda_f7f22ab5edc0698d5f6905b0d3f44752>@@@?$__crt_seh_guarded_call@X@@QEAAX$$QEAV<lambda_886d6c58226a84441f68b9f2b8217b83>@@AEAV<lambda_ab61a845afdef5b7c387490eaf3616ee>@@$$QEAV<lambda_f7f22ab5edc0698d5f6905b0d3f44752>@@@Z@4HA 000000018004637c     libucrt:fflush.obj
 0004:00002388       $pdata$raise$fin$0         0000000180046388     libucrt:signal.obj
 0004:00002394       $pdata$?fin$0@?0??__acrt_stdio_allocate_stream@@YA?AV__crt_stdio_stream@@XZ@4HA 0000000180046394     libucrt:stream.obj
 0004:00002394       $pdata$_fcloseall$fin$0    0000000180046394     libucrt:closeall.obj
 0004:000023a0       $pdata$__acrt_initialize_lowio$fin$0 00000001800463a0     libucrt:ioinit.obj
 0004:000023a0       $pdata$__acrt_lowio_ensure_fh_exists$fin$0 00000001800463a0     libucrt:osfinfo.obj
 0004:000023a0       $pdata$_alloc_osfhnd$fin$0 00000001800463a0     libucrt:osfinfo.obj
 0004:000023ac       $pdata$?fin$0@?0???$?RV<lambda_410d79af7f07d98d83a3f525b3859a53>@@AEAV<lambda_3e16ef9562a7dcce91392c22ab16ea36>@@V<lambda_38119f0e861e05405d8a144b9b982f0a>@@@?$__crt_seh_guarded_call@X@@QEAAX$$QEAV<lambda_410d79af7f07d98d83a3f525b3859a53>@@AEAV<lambda_3e16ef9562a7dcce91392c22ab16ea36>@@$$QEAV<lambda_38119f0e861e05405d8a144b9b982f0a>@@@Z@4HA 00000001800463ac     libucrt:wsetlocale.obj
 0004:000023b8       $pdata$?fin$0@?0???$?RV<lambda_a37b2b86f63e897a80ea819b0eb08c01>@@AEAV<lambda_38ce7e780aa69e748d6df282ebc68efe>@@V<lambda_99fb1378e971ab6e7edea83e3a7a83a2>@@@?$__crt_seh_guarded_call@H@@QEAAH$$QEAV<lambda_a37b2b86f63e897a80ea819b0eb08c01>@@AEAV<lambda_38ce7e780aa69e748d6df282ebc68efe>@@$$QEAV<lambda_99fb1378e971ab6e7edea83e3a7a83a2>@@@Z@4HA 00000001800463b8     libucrt:commit.obj
 0004:000023b8       $pdata$?fin$0@?0???$?RV<lambda_751a882b2c74d4b022dec766aa51a29a>@@AEAV<lambda_628dfdc04ba53c8bfc02c9951375f3f5>@@V<lambda_f6c7be5f7998530c34de24c7437d6b54>@@@?$__crt_seh_guarded_call@H@@QEAAH$$QEAV<lambda_751a882b2c74d4b022dec766aa51a29a>@@AEAV<lambda_628dfdc04ba53c8bfc02c9951375f3f5>@@$$QEAV<lambda_f6c7be5f7998530c34de24c7437d6b54>@@@Z@4HA 00000001800463b8     libucrt:close.obj
 0004:000023c4       $pdata$_write$fin$0        00000001800463c4     libucrt:write.obj
 0004:000023c4       $pdata$?fin$0@?0???$common_lseek@_J@@YA_JH_JH@Z@4HA 00000001800463c4     libucrt:lseek.obj
 0004:000023d0       $pdata$_read$fin$0         00000001800463d0     libucrt:read.obj
 0004:000023dc       $pdata$?fin$0@?0??update_thread_multibyte_data_internal@@YAPEAU__crt_multibyte_data@@QEAU__acrt_ptd@@QEAPEAU1@@Z@4HA 00000001800463dc     libucrt:mbctype.obj
 0004:000023e8       $pdata$_ctrlfp$filt$0      00000001800463e8     libucrt:fpctrl.obj
 0004:000023f4       $pdata$__acrt_update_thread_locale_data$fin$0 00000001800463f4     libucrt:locale_refcounting.obj
 0004:00002400       $pdata$?fin$0@?0???$common_sopen_dispatch@D@@YAHQEBDHHHQEAHH@Z@4HA 0000000180046400     libucrt:open.obj
 0004:0000240c       $pdata$_IsNonwritableInCurrentImage$filt$0 000000018004640c     LIBCMT:pesect.obj
 0004:00002418       $pdata$??__F?constructor@Canvas@@2V?$Persistent@VFunctionTemplate@v8@@V?$NonCopyablePersistentTraits@VFunctionTemplate@v8@@@2@@Nan@@A@@YAXXZ 0000000180046418     Canvas.obj
 0004:00002424       $pdata$??__F?constructor@Gradient@@2V?$Persistent@VFunctionTemplate@v8@@V?$NonCopyablePersistentTraits@VFunctionTemplate@v8@@@2@@Nan@@A@@YAXXZ 0000000180046424     CanvasGradient.obj
 0004:00002430       $pdata$??__F?constructor@Pattern@@2V?$Persistent@VFunctionTemplate@v8@@V?$NonCopyablePersistentTraits@VFunctionTemplate@v8@@@2@@Nan@@A@@YAXXZ 0000000180046430     CanvasPattern.obj
 0004:0000243c       $pdata$??__F?constructor@Context2d@@2V?$Persistent@VFunctionTemplate@v8@@V?$NonCopyablePersistentTraits@VFunctionTemplate@v8@@@2@@Nan@@A@@YAXXZ 000000018004643c     CanvasRenderingContext2d.obj
 0004:00002448       $pdata$??__F?constructor@Image@@2V?$Persistent@VFunctionTemplate@v8@@V?$NonCopyablePersistentTraits@VFunctionTemplate@v8@@@2@@Nan@@A@@YAXXZ 0000000180046448     Image.obj
 0004:00002454       $pdata$??__F?constructor@ImageData@@2V?$Persistent@VFunctionTemplate@v8@@V?$NonCopyablePersistentTraits@VFunctionTemplate@v8@@@2@@Nan@@A@@YAXXZ 0000000180046454     ImageData.obj
 0005:00000060       $R000000                   0000000180047060     * linker generated manifest res *

 Exports

  ordinal    name

        1    _register_canvas_
